Component: ARM Compiler 5.06 update 5 (build 528) Tool: armlink [4d35e2]

==============================================================================

Section Cross References

    startup_stm32f103xb.o(RESET) refers to startup_stm32f103xb.o(STACK) for __initial_sp
    startup_stm32f103xb.o(RESET) refers to startup_stm32f103xb.o(.text) for Reset_Handler
    startup_stm32f103xb.o(RESET) refers to stm32f1xx_it.o(i.NMI_Handler) for NMI_Handler
    startup_stm32f103xb.o(RESET) refers to stm32f1xx_it.o(i.HardFault_Handler) for HardFault_Handler
    startup_stm32f103xb.o(RESET) refers to stm32f1xx_it.o(i.MemManage_Handler) for MemManage_Handler
    startup_stm32f103xb.o(RESET) refers to stm32f1xx_it.o(i.BusFault_Handler) for BusFault_Handler
    startup_stm32f103xb.o(RESET) refers to stm32f1xx_it.o(i.UsageFault_Handler) for UsageFault_Handler
    startup_stm32f103xb.o(RESET) refers to port.o(.emb_text) for SVC_Handler
    startup_stm32f103xb.o(RESET) refers to stm32f1xx_it.o(i.DebugMon_Handler) for DebugMon_Handler
    startup_stm32f103xb.o(RESET) refers to port.o(i.SysTick_Handler) for SysTick_Handler
    startup_stm32f103xb.o(RESET) refers to stm32f1xx_it.o(i.EXTI9_5_IRQHandler) for EXTI9_5_IRQHandler
    startup_stm32f103xb.o(RESET) refers to stm32f1xx_it.o(i.TIM4_IRQHandler) for TIM4_IRQHandler
    startup_stm32f103xb.o(RESET) refers to stm32f1xx_it.o(i.USART2_IRQHandler) for USART2_IRQHandler
    startup_stm32f103xb.o(.text) refers to system_stm32f1xx.o(i.SystemInit) for SystemInit
    startup_stm32f103xb.o(.text) refers to entry.o(.ARM.Collect$$$$00000000) for __main
    main.o(i.HAL_TIM_PeriodElapsedCallback) refers to stm32f1xx_hal.o(i.HAL_IncTick) for HAL_IncTick
    main.o(i.SystemClock_Config) refers to memseta.o(.text) for __aeabi_memclr4
    main.o(i.SystemClock_Config) refers to stm32f1xx_hal_rcc.o(i.HAL_RCC_OscConfig) for HAL_RCC_OscConfig
    main.o(i.SystemClock_Config) refers to stm32f1xx_hal_rcc.o(i.HAL_RCC_ClockConfig) for HAL_RCC_ClockConfig
    main.o(i.SystemClock_Config) refers to stm32f1xx_hal_rcc_ex.o(i.HAL_RCCEx_PeriphCLKConfig) for HAL_RCCEx_PeriphCLKConfig
    main.o(i.main) refers to stm32f1xx_hal.o(i.HAL_Init) for HAL_Init
    main.o(i.main) refers to main.o(i.SystemClock_Config) for SystemClock_Config
    main.o(i.main) refers to gpio.o(i.MX_GPIO_Init) for MX_GPIO_Init
    main.o(i.main) refers to adc.o(i.MX_ADC1_Init) for MX_ADC1_Init
    main.o(i.main) refers to spi.o(i.MX_SPI1_Init) for MX_SPI1_Init
    main.o(i.main) refers to tim.o(i.MX_TIM1_Init) for MX_TIM1_Init
    main.o(i.main) refers to usart.o(i.MX_USART1_UART_Init) for MX_USART1_UART_Init
    main.o(i.main) refers to usart.o(i.MX_USART2_UART_Init) for MX_USART2_UART_Init
    main.o(i.main) refers to printfa.o(i.__0printf) for __2printf
    main.o(i.main) refers to stm32f1xx_hal_uart.o(i.HAL_UART_Receive_IT) for HAL_UART_Receive_IT
    main.o(i.main) refers to em_task.o(i.task_Init) for task_Init
    main.o(i.main) refers to cmsis_os2.o(i.osKernelInitialize) for osKernelInitialize
    main.o(i.main) refers to freertos.o(i.MX_FREERTOS_Init) for MX_FREERTOS_Init
    main.o(i.main) refers to cmsis_os2.o(i.osKernelStart) for osKernelStart
    main.o(i.main) refers to usart.o(.data) for aRxBuffer
    main.o(i.main) refers to usart.o(.bss) for huart2
    gpio.o(i.MX_GPIO_Init) refers to stm32f1xx_hal_gpio.o(i.HAL_GPIO_WritePin) for HAL_GPIO_WritePin
    gpio.o(i.MX_GPIO_Init) refers to stm32f1xx_hal_gpio.o(i.HAL_GPIO_Init) for HAL_GPIO_Init
    gpio.o(i.MX_GPIO_Init) refers to stm32f1xx_hal_cortex.o(i.HAL_NVIC_SetPriority) for HAL_NVIC_SetPriority
    gpio.o(i.MX_GPIO_Init) refers to stm32f1xx_hal_cortex.o(i.HAL_NVIC_EnableIRQ) for HAL_NVIC_EnableIRQ
    freertos.o(i.MX_FREERTOS_Init) refers to cmsis_os2.o(i.osThreadNew) for osThreadNew
    freertos.o(i.MX_FREERTOS_Init) refers to freertos.o(.constdata) for .constdata
    freertos.o(i.MX_FREERTOS_Init) refers to freertos.o(i.StartDefaultTask) for StartDefaultTask
    freertos.o(i.MX_FREERTOS_Init) refers to freertos.o(.data) for .data
    freertos.o(i.StartDefaultTask) refers to cmsis_os2.o(i.osDelay) for osDelay
    freertos.o(.constdata) refers to freertos.o(.conststring) for .conststring
    adc.o(i.HAL_ADC_MspDeInit) refers to stm32f1xx_hal_gpio.o(i.HAL_GPIO_DeInit) for HAL_GPIO_DeInit
    adc.o(i.HAL_ADC_MspInit) refers to stm32f1xx_hal_gpio.o(i.HAL_GPIO_Init) for HAL_GPIO_Init
    adc.o(i.MX_ADC1_Init) refers to stm32f1xx_hal_adc.o(i.HAL_ADC_Init) for HAL_ADC_Init
    adc.o(i.MX_ADC1_Init) refers to main.o(i.Error_Handler) for Error_Handler
    adc.o(i.MX_ADC1_Init) refers to stm32f1xx_hal_adc.o(i.HAL_ADC_ConfigChannel) for HAL_ADC_ConfigChannel
    adc.o(i.MX_ADC1_Init) refers to adc.o(.bss) for .bss
    spi.o(i.HAL_SPI_MspDeInit) refers to stm32f1xx_hal_gpio.o(i.HAL_GPIO_DeInit) for HAL_GPIO_DeInit
    spi.o(i.HAL_SPI_MspInit) refers to stm32f1xx_hal_gpio.o(i.HAL_GPIO_Init) for HAL_GPIO_Init
[...]
    .bss                                     0x20003984   Section     1720  cmsis_os2.o(.bss)
    Idle_TCB                                 0x20003984   Data          92  cmsis_os2.o(.bss)
    Idle_Stack                               0x200039e0   Data         512  cmsis_os2.o(.bss)
    Timer_TCB                                0x20003be0   Data          92  cmsis_os2.o(.bss)
    Timer_Stack                              0x20003c3c   Data        1024  cmsis_os2.o(.bss)
    .bss                                     0x2000403c   Section     2872  heap_4.o(.bss)
    ucHeap                                   0x2000403c   Data        2872  heap_4.o(.bss)
    STACK                                    0x20004b78   Section     1024  startup_stm32f103xb.o(STACK)

    Global Symbols

    Symbol Name                              Value     Ov Type        Size  Object(Section)

    BuildAttributes$$THM_ISAv4$P$D$K$B$S$PE$A:L22UL41UL21$X:L11$S22US41US21$IEEE1$IW$USESV6$~STKCKD$USESV7$~SHL$OTIME$ROPI$IEEEX$EBA8$MICROLIB$REQ8$PRES8$EABIv2 0x00000000   Number         0  anon$$obj.o ABSOLUTE
    __ARM_use_no_argv                        0x00000000   Number         0  main.o ABSOLUTE
    _printf_a                                0x00000000   Number         0  stubs.o ABSOLUTE
    _printf_c                                0x00000000   Number         0  stubs.o ABSOLUTE
    _printf_charcount                        0x00000000   Number         0  stubs.o ABSOLUTE
    _printf_d                                0x00000000   Number         0  stubs.o ABSOLUTE
    _printf_e                                0x00000000   Number         0  stubs.o ABSOLUTE
    _printf_f                                0x00000000   Number         0  stubs.o ABSOLUTE
    _printf_flags                            0x00000000   Number         0  stubs.o ABSOLUTE
    _printf_fp_dec                           0x00000000   Number         0  stubs.o ABSOLUTE
    _printf_fp_hex                           0x00000000   Number         0  stubs.o ABSOLUTE
    _printf_g                                0x00000000   Number         0  stubs.o ABSOLUTE
    _printf_i                                0x00000000   Number         0  stubs.o ABSOLUTE
    _printf_int_dec                          0x00000000   Number         0  stubs.o ABSOLUTE
    _printf_l                                0x00000000   Number         0  stubs.o ABSOLUTE
    _printf_lc                               0x00000000   Number         0  stubs.o ABSOLUTE
    _printf_ll                               0x00000000   Number         0  stubs.o ABSOLUTE
    _printf_lld                              0x00000000   Number         0  stubs.o ABSOLUTE
    _printf_lli                              0x00000000   Number         0  stubs.o ABSOLUTE
    _printf_llo                              0x00000000   Number         0  stubs.o ABSOLUTE
    _printf_llu                              0x00000000   Number         0  stubs.o ABSOLUTE
    _printf_llx                              0x00000000   Number         0  stubs.o ABSOLUTE
    _printf_longlong_dec                     0x00000000   Number         0  stubs.o ABSOLUTE
    _printf_longlong_hex                     0x00000000   Number         0  stubs.o ABSOLUTE
    _printf_longlong_oct                     0x00000000   Number         0  stubs.o ABSOLUTE
    _printf_ls                               0x00000000   Number         0  stubs.o ABSOLUTE
    _printf_mbtowc                           0x00000000   Number         0  stubs.o ABSOLUTE
    _printf_n                                0x00000000   Number         0  stubs.o ABSOLUTE
    _printf_o                                0x00000000   Number         0  stubs.o ABSOLUTE
    _printf_p                                0x00000000   Number         0  stubs.o ABSOLUTE
    _printf_percent                          0x00000000   Number         0  stubs.o ABSOLUTE
    _printf_pre_padding                      0x00000000   Number         0  stubs.o ABSOLUTE
    _printf_return_value                     0x00000000   Number         0  stubs.o ABSOLUTE
    _printf_s                                0x00000000   Number         0  stubs.o ABSOLUTE
    _printf_sizespec                         0x00000000   Number         0  stubs.o ABSOLUTE
    _printf_str                              0x00000000   Number         0  stubs.o ABSOLUTE
    _printf_truncate_signed                  0x00000000   Number         0  stubs.o ABSOLUTE
    _printf_truncate_unsigned                0x00000000   Number         0  stubs.o ABSOLUTE
    _printf_u                                0x00000000   Number         0  stubs.o ABSOLUTE
    _printf_wc                               0x00000000   Number         0  stubs.o ABSOLUTE
    _printf_wctomb                           0x00000000   Number         0  stubs.o ABSOLUTE
    _printf_widthprec                        0x00000000   Number         0  stubs.o ABSOLUTE
    _printf_x                                0x00000000   Number         0  stubs.o ABSOLUTE
    __cpp_initialize__aeabi_                  - Undefined Weak Reference
    __cxa_finalize                            - Undefined Weak Reference
    __decompress                              - Undefined Weak Reference
    _clock_init                               - Undefined Weak Reference
    _microlib_exit                            - Undefined Weak Reference
    __Vectors_Size                           0x000000ec   Number         0  startup_stm32f103xb.o ABSOLUTE
    __Vectors                                0x08000000   Data           4  startup_stm32f103xb.o(RESET)
    __Vectors_End                            0x080000ec   Data           0  startup_stm32f103xb.o(RESET)
    __main                                   0x080000ed   Thumb Code     0  entry.o(.ARM.Collect$$$$00000000)
    _main_stk                                0x080000ed   Thumb Code     0  entry2.o(.ARM.Collect$$$$00000001)
    _main_scatterload                        0x080000f1   Thumb Code     0  entry5.o(.ARM.Collect$$$$00000004)
    __main_after_scatterload                 0x080000f5   Thumb Code     0  entry5.o(.ARM.Collect$$$$00000004)
    _main_clock                              0x080000f5   Thumb Code     0  entry7b.o(.ARM.Collect$$$$00000008)
    _main_cpp_init                           0x080000f5   Thumb Code     0  entry8b.o(.ARM.Collect$$$$0000000A)
    _main_init                               0x080000f5   Thumb Code     0  entry9a.o(.ARM.Collect$$$$0000000B)
    __rt_final_cpp                           0x080000fd   Thumb Code     0  entry10a.o(.ARM.Collect$$$$0000000D)
    __rt_final_exit                          0x080000fd   Thumb Code     0  entry11a.o(.ARM.Collect$$$$0000000F)
    SVC_Handler                              0x08000101   Thumb Code    32  port.o(.emb_text)
    __asm___6_port_c_39a90d8d__prvStartFirstTask 0x08000125   Thumb Code    28  port.o(.emb_text)
    PendSV_Handler                           0x08000145   Thumb Code    72  port.o(.emb_text)
    vPortGetIPSR                             0x08000191   Thumb Code     6  port.o(.emb_text)
    Reset_Handler                            0x08000199   Thumb Code     8  startup_stm32f103xb.o(.text)
    ADC1_2_IRQHandler                        0x080001b3   Thumb Code     0  startup_stm32f103xb.o(.text)
    CAN1_RX1_IRQHandler                      0x080001b3   Thumb Code     0  startup_stm32f103xb.o(.text)
    CAN1_SCE_IRQHandler                      0x080001b3   Thumb Code     0  startup_stm32f103xb.o(.text)
    DMA1_Channel1_IRQHandler                 0x080001b3   Thumb Code     0  startup_stm32f103xb.o(.text)
    DMA1_Channel2_IRQHandler                 0x080001b3   Thumb Code     0  startup_stm32f103xb.o(.text)
    DMA1_Channel3_IRQHandler                 0x080001b3   Thumb Code     0  startup_stm32f103xb.o(.text)
    DMA1_Channel4_IRQHandler                 0x080001b3   Thumb Code     0  startup_stm32f103xb.o(.text)
    DMA1_Channel5_IRQHandler                 0x080001b3   Thumb Code     0  startup_stm32f103xb.o(.text)
    DMA1_Channel6_IRQHandler                 0x080001b3   Thumb Code     0  startup_stm32f103xb.o(.text)
    DMA1_Channel7_IRQHandler                 0x080001b3   Thumb Code     0  startup_stm32f103xb.o(.text)
    EXTI0_IRQHandler                         0x080001b3   Thumb Code     0  startup_stm32f103xb.o(.text)
    EXTI15_10_IRQHandler                     0x080001b3   Thumb Code     0  startup_stm32f103xb.o(.text)
    EXTI1_IRQHandler                         0x080001b3   Thumb Code     0  startup_stm32f103xb.o(.text)
    EXTI2_IRQHandler                         0x080001b3   Thumb Code     0  startup_stm32f103xb.o(.text)
    EXTI3_IRQHandler                         0x080001b3   Thumb Code     0  startup_stm32f103xb.o(.text)
    EXTI4_IRQHandler                         0x080001b3   Thumb Code     0  startup_stm32f103xb.o(.text)
    FLASH_IRQHandler                         0x080001b3   Thumb Code     0  startup_stm32f103xb.o(.text)
    I2C1_ER_IRQHandler                       0x080001b3   Thumb Code     0  startup_stm32f103xb.o(.text)
    I2C1_EV_IRQHandler                       0x080001b3   Thumb Code     0  startup_stm32f103xb.o(.text)
    I2C2_ER_IRQHandler                       0x080001b3   Thumb Code     0  startup_stm32f103xb.o(.text)
    I2C2_EV_IRQHandler                       0x080001b3   Thumb Code     0  startup_stm32f103xb.o(.text)
    PVD_IRQHandler                           0x080001b3   Thumb Code     0  startup_stm32f103xb.o(.text)
    RCC_IRQHandler                           0x080001b3   Thumb Code     0  startup_stm32f103xb.o(.text)
    RTC_Alarm_IRQHandler                     0x080001b3   Thumb Code     0  startup_stm32f103xb.o(.text)
    RTC_IRQHandler                           0x080001b3   Thumb Code     0  startup_stm32f103xb.o(.text)
    SPI1_IRQHandler                          0x080001b3   Thumb Code     0  startup_stm32f103xb.o(.text)
    SPI2_IRQHandler                          0x080001b3   Thumb Code     0  startup_stm32f103xb.o(.text)
    TAMPER_IRQHandler                        0x080001b3   Thumb Code     0  startup_stm32f103xb.o(.text)
    TIM1_BRK_IRQHandler                      0x080001b3   Thumb Code     0  startup_stm32f103xb.o(.text)
    TIM1_CC_IRQHandler                       0x080001b3   Thumb Code     0  startup_stm32f103xb.o(.text)
    TIM1_TRG_COM_IRQHandler                  0x080001b3   Thumb Code     0  startup_stm32f103xb.o(.text)
    TIM1_UP_IRQHandler                       0x080001b3   Thumb Code     0  startup_stm32f103xb.o(.text)
    TIM2_IRQHandler                          0x080001b3   Thumb Code     0  startup_stm32f103xb.o(.text)
    TIM3_IRQHandler                          0x080001b3   Thumb Code     0  startup_stm32f103xb.o(.text)
    USART1_IRQHandler                        0x080001b3   Thumb Code     0  startup_stm32f103xb.o(.text)
    USART3_IRQHandler                        0x080001b3   Thumb Code     0  startup_stm32f103xb.o(.text)
    USBWakeUp_IRQHandler                     0x080001b3   Thumb Code     0  startup_stm32f103xb.o(.text)
    USB_HP_CAN1_TX_IRQHandler                0x080001b3   Thumb Code     0  startup_stm32f103xb.o(.text)
    USB_LP_CAN1_RX0_IRQHandler               0x080001b3   Thumb Code     0  startup_stm32f103xb.o(.text)
    WWDG_IRQHandler                          0x080001b3   Thumb Code     0  startup_stm32f103xb.o(.text)
    __aeabi_llsr                             0x080001bd   Thumb Code    32  llushr.o(.text)
    _ll_ushift_r                             0x080001bd   Thumb Code     0  llushr.o(.text)
    __aeabi_memcpy                           0x080001dd   Thumb Code    36  memcpya.o(.text)
    __aeabi_memcpy4                          0x080001dd   Thumb Code     0  memcpya.o(.text)
    __aeabi_memcpy8                          0x080001dd   Thumb Code     0  memcpya.o(.text)
    __aeabi_memset                           0x08000201   Thumb Code    14  memseta.o(.text)
    __aeabi_memset4                          0x08000201   Thumb Code     0  memseta.o(.text)
    __aeabi_memset8                          0x08000201   Thumb Code     0  memseta.o(.text)
    __aeabi_memclr                           0x0800020f   Thumb Code     4  memseta.o(.text)
    __aeabi_memclr4                          0x0800020f   Thumb Code     0  memseta.o(.text)
    __aeabi_memclr8                          0x0800020f   Thumb Code     0  memseta.o(.text)
    memset                                   0x08000213   Thumb Code    18  memseta.o(.text)
    strstr                                   0x08000225   Thumb Code    36  strstr.o(.text)
    strlen                                   0x08000249   Thumb Code    14  strlen.o(.text)
    __aeabi_fadd                             0x08000257   Thumb Code   164  fadd.o(.text)
    __aeabi_fsub                             0x080002fb   Thumb Code     6  fadd.o(.text)
    __aeabi_frsub                            0x08000301   Thumb Code     6  fadd.o(.text)
    __aeabi_fmul                             0x08000307   Thumb Code   100  fmul.o(.text)
    __aeabi_fdiv                             0x0800036b   Thumb Code   124  fdiv.o(.text)
    __ARM_scalbnf                            0x080003e7   Thumb Code    24  fscalb.o(.text)
    scalbnf                                  0x080003e7   Thumb Code     0  fscalb.o(.text)
    __aeabi_dadd                             0x080003ff   Thumb Code   322  dadd.o(.text)
    __aeabi_dsub                             0x08000541   Thumb Code     6  dadd.o(.text)
    __aeabi_drsub                            0x08000547   Thumb Code     6  dadd.o(.text)
    __aeabi_dmul                             0x0800054d   Thumb Code   228  dmul.o(.text)
    __aeabi_ddiv                             0x08000631   Thumb Code   222  ddiv.o(.text)
    __aeabi_ui2f                             0x0800070f   Thumb Code    10  ffltui.o(.text)
    __aeabi_ui2d                             0x08000719   Thumb Code    26  dfltui.o(.text)
    __aeabi_f2iz                             0x08000733   Thumb Code    50  ffixi.o(.text)
    __aeabi_f2uiz                            0x08000765   Thumb Code    40  ffixui.o(.text)
    __aeabi_f2d                              0x0800078d   Thumb Code    38  f2d.o(.text)
    __aeabi_cdcmpeq                          0x080007b5   Thumb Code     0  cdcmple.o(.text)
    __aeabi_cdcmple                          0x080007b5   Thumb Code    48  cdcmple.o(.text)
    __aeabi_d2f                              0x080007e5   Thumb Code    56  d2f.o(.text)
    __aeabi_uidiv                            0x0800081d   Thumb Code     0  uidiv.o(.text)
    __aeabi_uidivmod                         0x0800081d   Thumb Code    44  uidiv.o(.text)
    __aeabi_uldivmod                         0x08000849   Thumb Code    98  uldiv.o(.text)
    __aeabi_llsl                             0x080008ab   Thumb Code    30  llshl.o(.text)
    _ll_shift_l                              0x080008ab   Thumb Code     0  llshl.o(.text)
    __aeabi_lasr                             0x080008c9   Thumb Code    36  llsshr.o(.text)
    _ll_sshift_r                             0x080008c9   Thumb Code     0  llsshr.o(.text)
    __I$use$fp                               0x080008ed   Thumb Code     0  iusefp.o(.text)
    _float_round                             0x080008ed   Thumb Code    18  fepilogue.o(.text)
    _float_epilogue                          0x080008ff   Thumb Code    92  fepilogue.o(.text)
    _double_round                            0x0800095b   Thumb Code    30  depilogue.o(.text)
    _double_epilogue                         0x08000979   Thumb Code   156  depilogue.o(.text)
    __ARM_scalbn                             0x08000a15   Thumb Code    46  dscalb.o(.text)
    scalbn                                   0x08000a15   Thumb Code     0  dscalb.o(.text)
    __aeabi_i2d                              0x08000a43   Thumb Code    34  dflti.o(.text)
    __aeabi_d2ulz                            0x08000a65   Thumb Code    48  dfixul.o(.text)
    __aeabi_cdrcmple                         0x08000a95   Thumb Code    48  cdrcmple.o(.text)
    __scatterload                            0x08000ac5   Thumb Code    28  init.o(.text)
    __scatterload_rt2                        0x08000ac5   Thumb Code     0  init.o(.text)
    ADC_ConversionStop_Disable               0x08000ae9   Thumb Code    86  stm32f1xx_hal_adc.o(i.ADC_ConversionStop_Disable)
    ADC_Enable                               0x08000b41   Thumb Code   114  stm32f1xx_hal_adc.o(i.ADC_Enable)
    BusFault_Handler                         0x08000bbd   Thumb Code     2  stm32f1xx_it.o(i.BusFault_Handler)
    Clean_ble_rw_t                           0x08000bc1   Thumb Code    12  em_queue.o(i.Clean_ble_rw_t)
    DebugMon_Handler                         0x08000bd1   Thumb Code     2  stm32f1xx_it.o(i.DebugMon_Handler)
    EXTI9_5_IRQHandler                       0x08000bd3   Thumb Code     8  stm32f1xx_it.o(i.EXTI9_5_IRQHandler)
    Error_Handler                            0x08000bdb   Thumb Code     4  main.o(i.Error_Handler)
    HAL_ADCEx_Calibration_Start              0x08000be1   Thumb Code   210  stm32f1xx_hal_adc_ex.o(i.HAL_ADCEx_Calibration_Start)
    HAL_ADC_ConfigChannel                    0x08000cb9   Thumb Code   240  stm32f1xx_hal_adc.o(i.HAL_ADC_ConfigChannel)
    HAL_ADC_GetValue                         0x08000db5   Thumb Code     6  stm32f1xx_hal_adc.o(i.HAL_ADC_GetValue)
    HAL_ADC_Init                             0x08000dbd   Thumb Code   272  stm32f1xx_hal_adc.o(i.HAL_ADC_Init)
    HAL_ADC_MspInit                          0x08000ed9   Thumb Code    74  adc.o(i.HAL_ADC_MspInit)
    HAL_ADC_PollForConversion                0x08000f31   Thumb Code   304  stm32f1xx_hal_adc.o(i.HAL_ADC_PollForConversion)
    HAL_ADC_Start                            0x0800106d   Thumb Code   184  stm32f1xx_hal_adc.o(i.HAL_ADC_Start)
    HAL_ADC_Stop                             0x0800112d   Thumb Code    52  stm32f1xx_hal_adc.o(i.HAL_ADC_Stop)
    HAL_DMA_Abort                            0x08001161   Thumb Code    70  stm32f1xx_hal_dma.o(i.HAL_DMA_Abort)
    HAL_DMA_Abort_IT                         0x080011a9   Thumb Code   148  stm32f1xx_hal_dma.o(i.HAL_DMA_Abort_IT)
    HAL_Delay                                0x08001241   Thumb Code    32  stm32f1xx_hal.o(i.HAL_Delay)
    HAL_GPIO_EXTI_Callback                   0x08001265   Thumb Code    28  em_hal.o(i.HAL_GPIO_EXTI_Callback)
    HAL_GPIO_EXTI_IRQHandler                 0x08001295   Thumb Code    18  stm32f1xx_hal_gpio.o(i.HAL_GPIO_EXTI_IRQHandler)
    HAL_GPIO_Init                            0x080012ad   Thumb Code   446  stm32f1xx_hal_gpio.o(i.HAL_GPIO_Init)
    HAL_GPIO_ReadPin                         0x0800148d   Thumb Code    10  stm32f1xx_hal_gpio.o(i.HAL_GPIO_ReadPin)
    HAL_GPIO_WritePin                        0x08001497   Thumb Code    10  stm32f1xx_hal_gpio.o(i.HAL_GPIO_WritePin)
    HAL_GetTick                              0x080014a1   Thumb Code     6  stm32f1xx_hal.o(i.HAL_GetTick)
    HAL_IncTick                              0x080014ad   Thumb Code    12  stm32f1xx_hal.o(i.HAL_IncTick)
    HAL_Init                                 0x080014bd   Thumb Code    32  stm32f1xx_hal.o(i.HAL_Init)
    HAL_InitTick                             0x080014e1   Thumb Code   132  stm32f1xx_hal_timebase_tim.o(i.HAL_InitTick)
    HAL_MspInit                              0x08001579   Thumb Code    62  stm32f1xx_hal_msp.o(i.HAL_MspInit)
    HAL_NVIC_EnableIRQ                       0x080015c1   Thumb Code    26  stm32f1xx_hal_cortex.o(i.HAL_NVIC_EnableIRQ)
    HAL_NVIC_SetPriority                     0x080015dd   Thumb Code    60  stm32f1xx_hal_cortex.o(i.HAL_NVIC_SetPriority)
    HAL_NVIC_SetPriorityGrouping             0x0800161d   Thumb Code    26  stm32f1xx_hal_cortex.o(i.HAL_NVIC_SetPriorityGrouping)
    HAL_RCCEx_GetPeriphCLKFreq               0x08001641   Thumb Code   148  stm32f1xx_hal_rcc_ex.o(i.HAL_RCCEx_GetPeriphCLKFreq)
    HAL_RCCEx_PeriphCLKConfig                0x080016e5   Thumb Code   224  stm32f1xx_hal_rcc_ex.o(i.HAL_RCCEx_PeriphCLKConfig)
    HAL_RCC_ClockConfig                      0x080017d1   Thumb Code   280  stm32f1xx_hal_rcc.o(i.HAL_RCC_ClockConfig)
    HAL_RCC_GetClockConfig                   0x080018fd   Thumb Code    54  stm32f1xx_hal_rcc.o(i.HAL_RCC_GetClockConfig)
    HAL_RCC_GetPCLK1Freq                     0x0800193d   Thumb Code    20  stm32f1xx_hal_rcc.o(i.HAL_RCC_GetPCLK1Freq)
    HAL_RCC_GetPCLK2Freq                     0x0800195d   Thumb Code    20  stm32f1xx_hal_rcc.o(i.HAL_RCC_GetPCLK2Freq)
    HAL_RCC_GetSysClockFreq                  0x0800197d   Thumb Code    58  stm32f1xx_hal_rcc.o(i.HAL_RCC_GetSysClockFreq)
    HAL_RCC_OscConfig                        0x080019c9   Thumb Code   778  stm32f1xx_hal_rcc.o(i.HAL_RCC_OscConfig)
    HAL_SPI_Init                             0x08001ce9   Thumb Code   178  stm32f1xx_hal_spi.o(i.HAL_SPI_Init)
    HAL_SPI_MspInit                          0x08001d9d   Thumb Code    80  spi.o(i.HAL_SPI_MspInit)
    HAL_SPI_Transmit                         0x08001df9   Thumb Code   366  stm32f1xx_hal_spi.o(i.HAL_SPI_Transmit)
    HAL_TIMEx_BreakCallback                  0x08001f67   Thumb Code     2  stm32f1xx_hal_tim_ex.o(i.HAL_TIMEx_BreakCallback)
    HAL_TIMEx_CommutCallback                 0x08001f69   Thumb Code     2  stm32f1xx_hal_tim_ex.o(i.HAL_TIMEx_CommutCallback)
    HAL_TIMEx_MasterConfigSynchronization    0x08001f6d   Thumb Code    92  stm32f1xx_hal_tim_ex.o(i.HAL_TIMEx_MasterConfigSynchronization)
    HAL_TIM_Base_Init                        0x08001fd5   Thumb Code    90  stm32f1xx_hal_tim.o(i.HAL_TIM_Base_Init)
    HAL_TIM_Base_MspInit                     0x08002031   Thumb Code    30  tim.o(i.HAL_TIM_Base_MspInit)
    HAL_TIM_Base_Start_IT                    0x08002059   Thumb Code    76  stm32f1xx_hal_tim.o(i.HAL_TIM_Base_Start_IT)
    HAL_TIM_ConfigClockSource                0x080020b1   Thumb Code   220  stm32f1xx_hal_tim.o(i.HAL_TIM_ConfigClockSource)
    HAL_TIM_IC_CaptureCallback               0x0800218d   Thumb Code     2  stm32f1xx_hal_tim.o(i.HAL_TIM_IC_CaptureCallback)
    HAL_TIM_IRQHandler                       0x0800218f   Thumb Code   358  stm32f1xx_hal_tim.o(i.HAL_TIM_IRQHandler)
    HAL_TIM_OC_DelayElapsedCallback          0x080022f5   Thumb Code     2  stm32f1xx_hal_tim.o(i.HAL_TIM_OC_DelayElapsedCallback)
    HAL_TIM_PWM_PulseFinishedCallback        0x080022f7   Thumb Code     2  stm32f1xx_hal_tim.o(i.HAL_TIM_PWM_PulseFinishedCallback)
    HAL_TIM_PeriodElapsedCallback            0x080022f9   Thumb Code    14  main.o(i.HAL_TIM_PeriodElapsedCallback)
    HAL_TIM_TriggerCallback                  0x0800230d   Thumb Code     2  stm32f1xx_hal_tim.o(i.HAL_TIM_TriggerCallback)
    HAL_UARTEx_RxEventCallback               0x0800230f   Thumb Code     2  stm32f1xx_hal_uart.o(i.HAL_UARTEx_RxEventCallback)
    HAL_UART_ErrorCallback                   0x08002311   Thumb Code     2  stm32f1xx_hal_uart.o(i.HAL_UART_ErrorCallback)
    HAL_UART_IRQHandler                      0x08002315   Thumb Code   616  stm32f1xx_hal_uart.o(i.HAL_UART_IRQHandler)
    HAL_UART_Init                            0x08002581   Thumb Code   100  stm32f1xx_hal_uart.o(i.HAL_UART_Init)
    HAL_UART_MspInit                         0x080025e5   Thumb Code   186  usart.o(i.HAL_UART_MspInit)
    HAL_UART_Receive_IT                      0x080026b1   Thumb Code    28  stm32f1xx_hal_uart.o(i.HAL_UART_Receive_IT)
    HAL_UART_RxCpltCallback                  0x080026cd   Thumb Code    32  usart.o(i.HAL_UART_RxCpltCallback)
    HAL_UART_Transmit                        0x080026f5   Thumb Code   154  stm32f1xx_hal_uart.o(i.HAL_UART_Transmit)
    HAL_UART_TxCpltCallback                  0x0800278f   Thumb Code     2  stm32f1xx_hal_uart.o(i.HAL_UART_TxCpltCallback)
    Hal_Init                                 0x08002791   Thumb Code    10  em_hal.o(i.Hal_Init)
    HardFault_Handler                        0x080027a1   Thumb Code     2  stm32f1xx_it.o(i.HardFault_Handler)
    Key_Init                                 0x080027a3   Thumb Code     2  em_button.o(i.Key_Init)
    Key_run                                  0x080027a5   Thumb Code   146  em_button.o(i.Key_run)
    MX_ADC1_Init                             0x0800287d   Thumb Code    94  adc.o(i.MX_ADC1_Init)
    MX_FREERTOS_Init                         0x080028e5   Thumb Code    18  freertos.o(i.MX_FREERTOS_Init)
    MX_GPIO_Init                             0x08002905   Thumb Code   222  gpio.o(i.MX_GPIO_Init)
    MX_SPI1_Init                             0x080029f5   Thumb Code    66  spi.o(i.MX_SPI1_Init)
    MX_TIM1_Init                             0x08002a41   Thumb Code    96  tim.o(i.MX_TIM1_Init)
    MX_USART1_UART_Init                      0x08002aa9   Thumb Code    48  usart.o(i.MX_USART1_UART_Init)
    MX_USART2_UART_Init                      0x08002ae1   Thumb Code    48  usart.o(i.MX_USART2_UART_Init)
    MemManage_Handler                        0x08002b19   Thumb Code     2  stm32f1xx_it.o(i.MemManage_Handler)
    NMI_Handler                              0x08002b1b   Thumb Code     2  stm32f1xx_it.o(i.NMI_Handler)
    Printer_Init                             0x08002b1d   Thumb Code    30  em_printer.o(i.Printer_Init)
    Printing_Init                            0x08002b41   Thumb Code    34  em_printer.o(i.Printing_Init)
    Queue_Init                               0x08002b6d   Thumb Code    32  em_queue.o(i.Queue_Init)
    Read_battery                             0x08002ba9   Thumb Code    74  em_hal.o(i.Read_battery)
    Read_paper_state                         0x08002c0d   Thumb Code    36  em_hal.o(i.Read_paper_state)
    Read_temperatrue                         0x08002c39   Thumb Code    50  em_hal.o(i.Read_temperatrue)
    Run_Led                                  0x08002c85   Thumb Code   144  em_hal.o(i.Run_Led)
    StartDefaultTask                         0x08002df1   Thumb Code     8  freertos.o(i.StartDefaultTask)
    SysTick_Handler                          0x08002df9   Thumb Code    38  port.o(i.SysTick_Handler)
    SystemClock_Config                       0x08002e25   Thumb Code   120  main.o(i.SystemClock_Config)
    SystemInit                               0x08002e9d   Thumb Code     2  system_stm32f1xx.o(i.SystemInit)
    TIM4_IRQHandler                          0x08002ea1   Thumb Code     6  stm32f1xx_it.o(i.TIM4_IRQHandler)
    TIM_Base_SetConfig                       0x08002ead   Thumb Code    94  stm32f1xx_hal_tim.o(i.TIM_Base_SetConfig)
    TIM_ETR_SetConfig                        0x08002f19   Thumb Code    20  stm32f1xx_hal_tim.o(i.TIM_ETR_SetConfig)
    Timer_Init                               0x08002f85   Thumb Code    70  em_timer.o(i.Timer_Init)
    UART_Start_Receive_IT                    0x0800320d   Thumb Code    54  stm32f1xx_hal_uart.o(i.UART_Start_Receive_IT)
    USART2_IRQHandler                        0x080032bd   Thumb Code     6  stm32f1xx_it.o(i.USART2_IRQHandler)
    UsageFault_Handler                       0x080032c9   Thumb Code     2  stm32f1xx_it.o(i.UsageFault_Handler)
    Write_to_buffer                          0x080032cd   Thumb Code   142  em_queue.o(i.Write_to_buffer)
    __0printf                                0x0800336d   Thumb Code    22  printfa.o(i.__0printf)
    __1printf                                0x0800336d   Thumb Code     0  printfa.o(i.__0printf)
    __2printf                                0x0800336d   Thumb Code     0  printfa.o(i.__0printf)
    __c89printf                              0x0800336d   Thumb Code     0  printfa.o(i.__0printf)
    printf                                   0x0800336d   Thumb Code     0  printfa.o(i.__0printf)
    __kernel_poly                            0x080033ad   Thumb Code   170  poly.o(i.__kernel_poly)
    __mathlib_dbl_divzero                    0x08003459   Thumb Code    12  dunder.o(i.__mathlib_dbl_divzero)
    __mathlib_dbl_infnan                     0x08003469   Thumb Code     6  dunder.o(i.__mathlib_dbl_infnan)
    __mathlib_dbl_invalid                    0x0800346f   Thumb Code    12  dunder.o(i.__mathlib_dbl_invalid)
    __scatterload_copy                       0x0800347b   Thumb Code    14  handlers.o(i.__scatterload_copy)
    __scatterload_null                       0x08003489   Thumb Code     2  handlers.o(i.__scatterload_null)
    __scatterload_zeroinit                   0x0800348b   Thumb Code    14  handlers.o(i.__scatterload_zeroinit)
    __set_errno                              0x08003499   Thumb Code     6  errno.o(i.__set_errno)
    adc_Init                                 0x08003d59   Thumb Code    28  em_adc.o(i.adc_Init)
    adc_get_avg                              0x08003d79   Thumb Code    50  em_adc.o(i.adc_get_avg)
    ble_Init                                 0x08003dad   Thumb Code   336  em_ble.o(i.ble_Init)
    ble_report                               0x0800404d   Thumb Code    54  em_ble.o(i.ble_report)
    ble_status_data_clean                    0x0800408d   Thumb Code    40  em_ble.o(i.ble_status_data_clean)
    clean_blepack_count                      0x080040cd   Thumb Code     8  em_ble.o(i.clean_blepack_count)
    clean_state_timeout                      0x080040d9   Thumb Code     8  em_timer.o(i.clean_state_timeout)
    clearAddTime                             0x080040e5   Thumb Code    18  em_printer.o(i.clearAddTime)
    click_long_free                          0x080040fd   Thumb Code    22  em_keymotor.o(i.click_long_free)
    click_slow                               0x08004129   Thumb Code    16  em_keymotor.o(i.click_slow)
    close_printer_timeout_timer              0x0800414d   Thumb Code    26  em_timer.o(i.close_printer_timeout_timer)
    device_state_Init                        0x0800416d   Thumb Code    22  em_device.o(i.device_state_Init)
    digitalRead                              0x08004189   Thumb Code     4  em_gpio.o(i.digitalRead)
    digitalWrite                             0x0800418d   Thumb Code     6  em_gpio.o(i.digitalWrite)
    fputc                                    0x08004195   Thumb Code    20  usart.o(i.fputc)
    get_adc_temperture                       0x080041ad   Thumb Code    60  em_adc.o(i.get_adc_temperture)
    get_adc_volts                            0x080041f5   Thumb Code   204  em_adc.o(i.get_adc_volts)
    get_ble_connect                          0x0800431d   Thumb Code     6  em_ble.o(i.get_ble_connect)
    get_ble_rw_leftline                      0x08004329   Thumb Code     8  em_queue.o(i.get_ble_rw_leftline)
    get_blepack_count                        0x08004335   Thumb Code     6  em_ble.o(i.get_blepack_count)
    get_device_state                         0x08004341   Thumb Code     4  em_device.o(i.get_device_state)
    get_printer_test                         0x08004349   Thumb Code     6  em_keymotor.o(i.get_printer_test)
    get_printer_timeout_status               0x08004355   Thumb Code     6  em_timer.o(i.get_printer_timeout_status)
    get_state_timeout                        0x08004361   Thumb Code     6  em_timer.o(i.get_state_timeout)
    get_temp_calculate                       0x0800436d   Thumb Code    72  em_adc.o(i.get_temp_calculate)
    init_spi                                 0x080043cd   Thumb Code     2  em_spi.o(i.init_spi)
    log                                      0x080043d1   Thumb Code   808  log.o(i.log)
    long_click_run                           0x0800472d   Thumb Code    62  em_keymotor.o(i.long_click_run)
    main                                     0x08004795   Thumb Code    66  main.o(i.main)
    map                                      0x080047f9   Thumb Code    38  em_adc.o(i.map)
    motor_Init                               0x08004821   Thumb Code    50  em_motor.o(i.motor_Init)
    motor_run                                0x08004859   Thumb Code    92  em_motor.o(i.motor_run)
    motor_run_step                           0x080048bd   Thumb Code   174  em_motor.o(i.motor_run_step)
    motor_start                              0x08004979   Thumb Code    48  em_motor.o(i.motor_start)
    motor_stop                               0x080049bd   Thumb Code    72  em_motor.o(i.motor_stop)
    move_and_start_std                       0x08004a0d   Thumb Code   116  em_printer.o(i.move_and_start_std)
    open_printer_timeout_timer               0x08004a99   Thumb Code    86  em_timer.o(i.open_printer_timeout_timer)
    osDelay                                  0x08004b59   Thumb Code    46  cmsis_os2.o(i.osDelay)
    osKernelInitialize                       0x08004b8d   Thumb Code    50  cmsis_os2.o(i.osKernelInitialize)
    osKernelStart                            0x08004bc5   Thumb Code    58  cmsis_os2.o(i.osKernelStart)
    osThreadNew                              0x08004c05   Thumb Code   160  cmsis_os2.o(i.osThreadNew)
    printing_error_check                     0x08004ca9   Thumb Code    84  em_printer.o(i.printing_error_check)
    pvPortMalloc                             0x080054c5   Thumb Code   210  heap_4.o(i.pvPortMalloc)
    pvTaskIncrementMutexHeldCount            0x0800559d   Thumb Code    18  tasks.o(i.pvTaskIncrementMutexHeldCount)
    pxPortInitialiseStack                    0x080055b5   Thumb Code    32  port.o(i.pxPortInitialiseStack)
    read_Printer_timer_callbackfun           0x080055d9   Thumb Code    16  em_timer.o(i.read_Printer_timer_callbackfun)
    read_from_buffer                         0x0800560d   Thumb Code   100  em_queue.o(i.read_from_buffer)
    read_hal_state                           0x08005689   Thumb Code    18  em_hal.o(i.read_hal_state)
    read_if_need_add_paper                   0x0800569d   Thumb Code    18  em_hal.o(i.read_if_need_add_paper)
    read_motor_timer_callbackfun             0x080056b5   Thumb Code    92  em_motor.o(i.read_motor_timer_callbackfun)
    read_state_timer_callbackfun             0x08005719   Thumb Code    16  em_timer.o(i.read_state_timer_callbackfun)
    run_printer                              0x08005741   Thumb Code    68  em_task.o(i.run_printer)
    run_report                               0x080057b1   Thumb Code    50  em_task.o(i.run_report)
    set_heat_density                         0x08005d35   Thumb Code    18  em_printer.o(i.set_heat_density)
    set_paper_state                          0x08005d65   Thumb Code     6  em_device.o(i.set_paper_state)
    set_printer_test                         0x08005d71   Thumb Code     6  em_keymotor.o(i.set_printer_test)
    set_read_ble_finish                      0x08005d7d   Thumb Code     6  em_device.o(i.set_read_ble_finish)
    spiCommand                               0x08005dd9   Thumb Code    14  em_spi.o(i.spiCommand)
    start_printing_by_onestb                 0x08005ded   Thumb Code    96  em_printer.o(i.start_printing_by_onestb)
    start_printing_by_queuebuf               0x08005e7d   Thumb Code   122  em_printer.o(i.start_printing_by_queuebuf)
    task_Init                                0x08005f51   Thumb Code   128  em_task.o(i.task_Init)
    task_button                              0x08006085   Thumb Code    34  em_task.o(i.task_button)
    task_printer                             0x080060d1   Thumb Code    62  em_task.o(i.task_printer)
    task_report                              0x08006139   Thumb Code    34  em_task.o(i.task_report)
    testSTB                                  0x08006185   Thumb Code   118  em_printer.o(i.testSTB)
    uart_cmd_handle                          0x08006211   Thumb Code   428  em_ble.o(i.uart_cmd_handle)
    uxListRemove                             0x08006451   Thumb Code    38  list.o(i.uxListRemove)
    vApplicationGetIdleTaskMemory            0x08006479   Thumb Code    16  cmsis_os2.o(i.vApplicationGetIdleTaskMemory)
    vApplicationGetTimerTaskMemory           0x0800648d   Thumb Code    18  cmsis_os2.o(i.vApplicationGetTimerTaskMemory)
    vListInitialise                          0x080064a5   Thumb Code    22  list.o(i.vListInitialise)
    vListInitialiseItem                      0x080064bb   Thumb Code     6  list.o(i.vListInitialiseItem)
    vListInsert                              0x080064c1   Thumb Code    48  list.o(i.vListInsert)
    vListInsertEnd                           0x080064f1   Thumb Code    24  list.o(i.vListInsertEnd)
    vPortEnterCritical                       0x08006509   Thumb Code    54  port.o(i.vPortEnterCritical)
    vPortExitCritical                        0x08006549   Thumb Code    34  port.o(i.vPortExitCritical)
    vPortFree                                0x08006571   Thumb Code    88  heap_4.o(i.vPortFree)
    vPortSetupTimerInterrupt                 0x080065cd   Thumb Code    32  port.o(i.vPortSetupTimerInterrupt)
    vPortValidateInterruptPriority           0x080065f1   Thumb Code    74  port.o(i.vPortValidateInterruptPriority)
    vQueueAddToRegistry                      0x08006645   Thumb Code    34  queue.o(i.vQueueAddToRegistry)
    vQueueWaitForMessageRestricted           0x0800666d   Thumb Code    68  queue.o(i.vQueueWaitForMessageRestricted)
    vTaskDelay                               0x080066b1   Thumb Code    66  tasks.o(i.vTaskDelay)
    vTaskInternalSetTimeOutState             0x080066fd   Thumb Code    12  tasks.o(i.vTaskInternalSetTimeOutState)
    vTaskMissedYield                         0x0800670d   Thumb Code     8  tasks.o(i.vTaskMissedYield)
    vTaskPlaceOnEventList                    0x08006719   Thumb Code    44  tasks.o(i.vTaskPlaceOnEventList)
    vTaskPlaceOnEventListRestricted          0x08006749   Thumb Code    52  tasks.o(i.vTaskPlaceOnEventListRestricted)
    vTaskPriorityDisinheritAfterTimeout      0x08006781   Thumb Code   134  tasks.o(i.vTaskPriorityDisinheritAfterTimeout)
    vTaskStartScheduler                      0x08006811   Thumb Code   118  tasks.o(i.vTaskStartScheduler)
    vTaskSuspendAll                          0x08006899   Thumb Code    10  tasks.o(i.vTaskSuspendAll)
    vTaskSwitchContext                       0x080068a9   Thumb Code    90  tasks.o(i.vTaskSwitchContext)
    xPortStartScheduler                      0x0800690d   Thumb Code   154  port.o(i.xPortStartScheduler)
    xQueueCreateMutex                        0x080069b5   Thumb Code    22  queue.o(i.xQueueCreateMutex)
    xQueueGenericCreate                      0x080069cb   Thumb Code    72  queue.o(i.xQueueGenericCreate)
    xQueueGenericCreateStatic                0x08006a13   Thumb Code   102  queue.o(i.xQueueGenericCreateStatic)
    xQueueGenericReset                       0x08006a79   Thumb Code   132  queue.o(i.xQueueGenericReset)
    xQueueGenericSend                        0x08006b01   Thumb Code   346  queue.o(i.xQueueGenericSend)
    xQueueGenericSendFromISR                 0x08006c61   Thumb Code   188  queue.o(i.xQueueGenericSendFromISR)
    xQueueGiveFromISR                        0x08006d1d   Thumb Code   156  queue.o(i.xQueueGiveFromISR)
    xQueueReceive                            0x08006db9   Thumb Code   308  queue.o(i.xQueueReceive)
    xQueueReceiveFromISR                     0x08006ef1   Thumb Code   154  queue.o(i.xQueueReceiveFromISR)
    xQueueSemaphoreTake                      0x08006f8d   Thumb Code   372  queue.o(i.xQueueSemaphoreTake)
    xTaskCheckForTimeOut                     0x08007105   Thumb Code   112  tasks.o(i.xTaskCheckForTimeOut)
    xTaskCreate                              0x08007179   Thumb Code    90  tasks.o(i.xTaskCreate)
    xTaskCreateStatic                        0x080071d3   Thumb Code    86  tasks.o(i.xTaskCreateStatic)
    xTaskGetSchedulerState                   0x08007229   Thumb Code    22  tasks.o(i.xTaskGetSchedulerState)
    xTaskGetTickCount                        0x08007245   Thumb Code     6  tasks.o(i.xTaskGetTickCount)
    xTaskIncrementTick                       0x08007251   Thumb Code   190  tasks.o(i.xTaskIncrementTick)
    xTaskPriorityDisinherit                  0x08007319   Thumb Code   118  tasks.o(i.xTaskPriorityDisinherit)
    xTaskPriorityInherit                     0x08007399   Thumb Code   112  tasks.o(i.xTaskPriorityInherit)
    xTaskRemoveFromEventList                 0x08007411   Thumb Code   100  tasks.o(i.xTaskRemoveFromEventList)
    xTaskResumeAll                           0x0800747d   Thumb Code   182  tasks.o(i.xTaskResumeAll)
    xTimerCreate                             0x08007541   Thumb Code    52  timers.o(i.xTimerCreate)
    xTimerCreateStatic                       0x08007575   Thumb Code    46  timers.o(i.xTimerCreateStatic)
    xTimerCreateTimerTask                    0x080075a5   Thumb Code    78  timers.o(i.xTimerCreateTimerTask)
    xTimerGenericCommand                     0x08007605   Thumb Code    98  timers.o(i.xTimerGenericCommand)
    defaultTask_attributes                   0x0800766c   Data          36  freertos.o(.constdata)
    AHBPrescTable                            0x080076b4   Data          16  system_stm32f1xx.o(.constdata)
    APBPrescTable                            0x080076c4   Data           8  system_stm32f1xx.o(.constdata)
    __mathlib_zero                           0x08007708   Data           8  qnan.o(.constdata)
    Region$$Table$$Base                      0x080077b4   Number         0  anon$$obj.o(Region$$Table)
    Region$$Table$$Limit                     0x080077d4   Number         0  anon$$obj.o(Region$$Table)
    defaultTaskHandle                        0x20000000   Data           4  freertos.o(.data)
    aRxBuffer                                0x20000004   Data           1  usart.o(.data)
    ADC1_Value                               0x20000008   Data           8  em_adc.o(.data)
    bleConnected                             0x20000010   Data           1  em_ble.o(.data)
    g_ble_init_step                          0x20000011   Data           1  em_ble.o(.data)
    need_reboot_ble                          0x20000012   Data           1  em_ble.o(.data)
    need_clean_ble_status                    0x20000013   Data           1  em_ble.o(.data)
    packcount                                0x20000014   Data           4  em_ble.o(.data)
    ble_in_at_mode                           0x20000018   Data           4  em_ble.o(.data)
    ble_set_status                           0x2000001c   Data           4  em_ble.o(.data)
    ble_query_status                         0x20000020   Data           4  em_ble.o(.data)
    ble_query_name                           0x20000024   Data           4  em_ble.o(.data)
    ble_set_name                             0x20000028   Data           4  em_ble.o(.data)
    ble_out_at_mode                          0x2000002c   Data           4  em_ble.o(.data)
    cmd_index                                0x20000030   Data           4  em_ble.o(.data)
    retry_count                              0x20000034   Data           4  em_ble.o(.data)
    isPress                                  0x20000038   Data           1  em_button.o(.data)
    isLong_Click_Run                         0x20000039   Data           1  em_button.o(.data)
    clickTime                                0x2000003c   Data           4  em_button.o(.data)
    need_report                              0x20000040   Data           1  em_hal.o(.data)
    motor_pos                                0x20000044   Data           1  em_motor.o(.data)
    Motor_TimerHandle                        0x20000048   Data           4  em_motor.o(.data)
    motor_table                              0x2000004c   Data          32  em_motor.o(.data)
    heat_density                             0x2000006c   Data           1  em_printer.o(.data)
    printer_test                             0x2000006d   Data           1  em_keymotor.o(.data)
    is_long_ever_click                       0x2000006e   Data           1  em_keymotor.o(.data)
    xSemaphore                               0x20000070   Data           4  em_queue.o(.data)
    read_state_timeout                       0x20000078   Data           1  em_timer.o(.data)
    printer_timeout                          0x20000079   Data           1  em_timer.o(.data)
    myStateTimer                             0x2000007c   Data           4  em_timer.o(.data)
    myPrintTimer                             0x20000080   Data           4  em_timer.o(.data)
    g_device_state                           0x20000084   Data           5  em_device.o(.data)
    uwTickFreq                               0x2000008c   Data           1  stm32f1xx_hal.o(.data)
    uwTickPrio                               0x20000090   Data           4  stm32f1xx_hal.o(.data)
    uwTick                                   0x20000094   Data           4  stm32f1xx_hal.o(.data)
    SystemCoreClock                          0x20000098   Data           4  system_stm32f1xx.o(.data)
    pxCurrentTCB                             0x2000009c   Data           4  tasks.o(.data)
    __stdout                                 0x20000114   Data           4  stdout.o(.data)
    hadc1                                    0x2000011c   Data          48  adc.o(.bss)
    hspi1                                    0x2000014c   Data          88  spi.o(.bss)
    htim1                                    0x200001a4   Data          72  tim.o(.bss)
    huart1                                   0x200001ec   Data          72  usart.o(.bss)
    huart2                                   0x20000234   Data          72  usart.o(.bss)
    htim4                                    0x2000027c   Data          72  stm32f1xx_hal_timebase_tim.o(.bss)
    cmd_buffer                               0x200002c4   Data         100  em_ble.o(.bss)
    addTime                                  0x20000328   Data          24  em_printer.o(.bss)
    ble_rw_tdef                              0x20000340   Data       13212  em_queue.o(.bss)
    myStateTimerBuffer                       0x200036dc   Data          48  em_timer.o(.bss)
    myPrintTimerBuffer                       0x2000370c   Data          48  em_timer.o(.bss)
    xQueueRegistry                           0x2000373c   Data          64  queue.o(.bss)
    __initial_sp                             0x20004f78   Data           0  startup_stm32f103xb.o(STACK)



==============================================================================

Memory Map of the image

  Image Entry point : 0x080000ed

  Load Region LR_IROM1 (Base: 0x08000000, Size: 0x000078f0, Max: 0x00010000, ABSOLUTE)

    Execution Region ER_IROM1 (Exec base: 0x08000000, Load base: 0x08000000, Size: 0x000077d4, Max: 0x00010000, ABSOLUTE)

    Exec Addr    Load Addr    Size         Type   Attr      Idx    E Section Name        Object

    0x08000000   0x08000000   0x000000ec   Data   RO            3    RESET               startup_stm32f103xb.o
    0x080000ec   0x080000ec   0x00000000   Code   RO         6111  * .ARM.Collect$$$$00000000  mc_w.l(entry.o)
    0x080000ec   0x080000ec   0x00000004   Code   RO         6434    .ARM.Collect$$$$00000001  mc_w.l(entry2.o)
    0x080000f0   0x080000f0   0x00000004   Code   RO         6437    .ARM.Collect$$$$00000004  mc_w.l(entry5.o)
    0x080000f4   0x080000f4   0x00000000   Code   RO         6439    .ARM.Collect$$$$00000008  mc_w.l(entry7b.o)
    0x080000f4   0x080000f4   0x00000000   Code   RO         6441    .ARM.Collect$$$$0000000A  mc_w.l(entry8b.o)
    0x080000f4   0x080000f4   0x00000008   Code   RO         6442    .ARM.Collect$$$$0000000B  mc_w.l(entry9a.o)
    0x080000fc   0x080000fc   0x00000000   Code   RO         6444    .ARM.Collect$$$$0000000D  mc_w.l(entry10a.o)
    0x080000fc   0x080000fc   0x00000000   Code   RO         6446    .ARM.Collect$$$$0000000F  mc_w.l(entry11a.o)
    0x080000fc   0x080000fc   0x00000004   Code   RO         6435    .ARM.Collect$$$$00002712  mc_w.l(entry2.o)
    0x08000100   0x08000100   0x00000096   Code   RO         6024    .emb_text           port.o
    0x08000196   0x08000196   0x00000002   PAD
    0x08000198   0x08000198   0x00000024   Code   RO            4    .text               startup_stm32f103xb.o
    0x080001bc   0x080001bc   0x00000020   Code   RO         6114    .text               mc_w.l(llushr.o)
    0x080001dc   0x080001dc   0x00000024   Code   RO         6116    .text               mc_w.l(memcpya.o)
    0x08000200   0x08000200   0x00000024   Code   RO         6120    .text               mc_w.l(memseta.o)
    0x08000224   0x08000224   0x00000024   Code   RO         6122    .text               mc_w.l(strstr.o)
    0x08000248   0x08000248   0x0000000e   Code   RO         6124    .text               mc_w.l(strlen.o)
    0x08000256   0x08000256   0x000000b0   Code   RO         6389    .text               mf_w.l(fadd.o)
    0x08000306   0x08000306   0x00000064   Code   RO         6391    .text               mf_w.l(fmul.o)
    0x0800036a   0x0800036a   0x0000007c   Code   RO         6393    .text               mf_w.l(fdiv.o)
    0x080003e6   0x080003e6   0x00000018   Code   RO         6395    .text               mf_w.l(fscalb.o)
    0x080003fe   0x080003fe   0x0000014e   Code   RO         6397    .text               mf_w.l(dadd.o)
    0x0800054c   0x0800054c   0x000000e4   Code   RO         6399    .text               mf_w.l(dmul.o)
    0x08000630   0x08000630   0x000000de   Code   RO         6401    .text               mf_w.l(ddiv.o)
    0x0800070e   0x0800070e   0x0000000a   Code   RO         6403    .text               mf_w.l(ffltui.o)
    0x08000718   0x08000718   0x0000001a   Code   RO         6405    .text               mf_w.l(dfltui.o)
    0x08000732   0x08000732   0x00000032   Code   RO         6407    .text               mf_w.l(ffixi.o)
    0x08000764   0x08000764   0x00000028   Code   RO         6409    .text               mf_w.l(ffixui.o)
    0x0800078c   0x0800078c   0x00000026   Code   RO         6411    .text               mf_w.l(f2d.o)
    0x080007b2   0x080007b2   0x00000002   PAD
    0x080007b4   0x080007b4   0x00000030   Code   RO         6413    .text               mf_w.l(cdcmple.o)
    0x080007e4   0x080007e4   0x00000038   Code   RO         6415    .text               mf_w.l(d2f.o)
    0x0800081c   0x0800081c   0x0000002c   Code   RO         6449    .text               mc_w.l(uidiv.o)
    0x08000848   0x08000848   0x00000062   Code   RO         6451    .text               mc_w.l(uldiv.o)
    0x080008aa   0x080008aa   0x0000001e   Code   RO         6453    .text               mc_w.l(llshl.o)
    0x080008c8   0x080008c8   0x00000024   Code   RO         6455    .text               mc_w.l(llsshr.o)
    0x080008ec   0x080008ec   0x00000000   Code   RO         6464    .text               mc_w.l(iusefp.o)
    0x080008ec   0x080008ec   0x0000006e   Code   RO         6465    .text               mf_w.l(fepilogue.o)
    0x0800095a   0x0800095a   0x000000ba   Code   RO         6467    .text               mf_w.l(depilogue.o)
    0x08000a14   0x08000a14   0x0000002e   Code   RO         6469    .text               mf_w.l(dscalb.o)
    0x08000a42   0x08000a42   0x00000022   Code   RO         6471    .text               mf_w.l(dflti.o)
    0x08000a64   0x08000a64   0x00000030   Code   RO         6473    .text               mf_w.l(dfixul.o)
    0x08000a94   0x08000a94   0x00000030   Code   RO         6475    .text               mf_w.l(cdrcmple.o)
    0x08000ac4   0x08000ac4   0x00000024   Code   RO         6477    .text               mc_w.l(init.o)
    0x08000ae8   0x08000ae8   0x00000056   Code   RO         1548    i.ADC_ConversionStop_Disable  stm32f1xx_hal_adc.o
    0x08000b3e   0x08000b3e   0x00000002   PAD
    0x08000b40   0x08000b40   0x0000007c   Code   RO         1552    i.ADC_Enable        stm32f1xx_hal_adc.o
    0x08000bbc   0x08000bbc   0x00000002   Code   RO          495    i.BusFault_Handler  stm32f1xx_it.o
    0x08000bbe   0x08000bbe   0x00000002   PAD
    0x08000bc0   0x08000bc0   0x00000010   Code   RO         1252    i.Clean_ble_rw_t    em_queue.o
    0x08000bd0   0x08000bd0   0x00000002   Code   RO          496    i.DebugMon_Handler  stm32f1xx_it.o
    0x08000bd2   0x08000bd2   0x00000008   Code   RO          497    i.EXTI9_5_IRQHandler  stm32f1xx_it.o
    0x08000bda   0x08000bda   0x00000004   Code   RO           13    i.Error_Handler     main.o
    0x08000bde   0x08000bde   0x00000002   PAD
    0x08000be0   0x08000be0   0x000000d8   Code   RO         1728    i.HAL_ADCEx_Calibration_Start  stm32f1xx_hal_adc_ex.o
    0x08000cb8   0x08000cb8   0x000000fc   Code   RO         1554    i.HAL_ADC_ConfigChannel  stm32f1xx_hal_adc.o
    0x08000db4   0x08000db4   0x00000006   Code   RO         1561    i.HAL_ADC_GetValue  stm32f1xx_hal_adc.o
    0x08000dba   0x08000dba   0x00000002   PAD
    0x08000dbc   0x08000dbc   0x0000011c   Code   RO         1563    i.HAL_ADC_Init      stm32f1xx_hal_adc.o
    0x08000ed8   0x08000ed8   0x00000058   Code   RO          309    i.HAL_ADC_MspInit   adc.o
    0x08000f30   0x08000f30   0x0000013c   Code   RO         1567    i.HAL_ADC_PollForConversion  stm32f1xx_hal_adc.o
    0x0800106c   0x0800106c   0x000000c0   Code   RO         1569    i.HAL_ADC_Start     stm32f1xx_hal_adc.o
    0x0800112c   0x0800112c   0x00000034   Code   RO         1572    i.HAL_ADC_Stop      stm32f1xx_hal_adc.o
    0x08001160   0x08001160   0x00000046   Code   RO         2205    i.HAL_DMA_Abort     stm32f1xx_hal_dma.o
    0x080011a6   0x080011a6   0x00000002   PAD
    0x080011a8   0x080011a8   0x00000098   Code   RO         2206    i.HAL_DMA_Abort_IT  stm32f1xx_hal_dma.o
    0x08001240   0x08001240   0x00000024   Code   RO         1831    i.HAL_Delay         stm32f1xx_hal.o
    0x08001264   0x08001264   0x00000030   Code   RO          910    i.HAL_GPIO_EXTI_Callback  em_hal.o
    0x08001294   0x08001294   0x00000018   Code   RO         2140    i.HAL_GPIO_EXTI_IRQHandler  stm32f1xx_hal_gpio.o
    0x080012ac   0x080012ac   0x000001e0   Code   RO         2141    i.HAL_GPIO_Init     stm32f1xx_hal_gpio.o
    0x0800148c   0x0800148c   0x0000000a   Code   RO         2143    i.HAL_GPIO_ReadPin  stm32f1xx_hal_gpio.o
    0x08001496   0x08001496   0x0000000a   Code   RO         2145    i.HAL_GPIO_WritePin  stm32f1xx_hal_gpio.o
    0x080014a0   0x080014a0   0x0000000c   Code   RO         1835    i.HAL_GetTick       stm32f1xx_hal.o
    0x080014ac   0x080014ac   0x00000010   Code   RO         1841    i.HAL_IncTick       stm32f1xx_hal.o
    0x080014bc   0x080014bc   0x00000024   Code   RO         1842    i.HAL_Init          stm32f1xx_hal.o
    0x080014e0   0x080014e0   0x00000098   Code   RO          595    i.HAL_InitTick      stm32f1xx_hal_timebase_tim.o
    0x08001578   0x08001578   0x00000048   Code   RO          571    i.HAL_MspInit       stm32f1xx_hal_msp.o
    0x080015c0   0x080015c0   0x0000001a   Code   RO         2301    i.HAL_NVIC_EnableIRQ  stm32f1xx_hal_cortex.o
    0x080015da   0x080015da   0x00000002   PAD
    0x080015dc   0x080015dc   0x00000040   Code   RO         2307    i.HAL_NVIC_SetPriority  stm32f1xx_hal_cortex.o
    0x0800161c   0x0800161c   0x00000024   Code   RO         2308    i.HAL_NVIC_SetPriorityGrouping  stm32f1xx_hal_cortex.o
    0x08001640   0x08001640   0x000000a4   Code   RO         2102    i.HAL_RCCEx_GetPeriphCLKFreq  stm32f1xx_hal_rcc_ex.o
    0x080016e4   0x080016e4   0x000000ec   Code   RO         2103    i.HAL_RCCEx_PeriphCLKConfig  stm32f1xx_hal_rcc_ex.o
    0x080017d0   0x080017d0   0x0000012c   Code   RO         1999    i.HAL_RCC_ClockConfig  stm32f1xx_hal_rcc.o
    0x080018fc   0x080018fc   0x00000040   Code   RO         2003    i.HAL_RCC_GetClockConfig  stm32f1xx_hal_rcc.o
    0x0800193c   0x0800193c   0x00000020   Code   RO         2006    i.HAL_RCC_GetPCLK1Freq  stm32f1xx_hal_rcc.o
    0x0800195c   0x0800195c   0x00000020   Code   RO         2007    i.HAL_RCC_GetPCLK2Freq  stm32f1xx_hal_rcc.o
    0x0800197c   0x0800197c   0x0000004c   Code   RO         2008    i.HAL_RCC_GetSysClockFreq  stm32f1xx_hal_rcc.o
    0x080019c8   0x080019c8   0x00000320   Code   RO         2011    i.HAL_RCC_OscConfig  stm32f1xx_hal_rcc.o
    0x08001ce8   0x08001ce8   0x000000b2   Code   RO         2812    i.HAL_SPI_Init      stm32f1xx_hal_spi.o
    0x08001d9a   0x08001d9a   0x00000002   PAD
    0x08001d9c   0x08001d9c   0x0000005c   Code   RO          351    i.HAL_SPI_MspInit   spi.o
    0x08001df8   0x08001df8   0x0000016e   Code   RO         2820    i.HAL_SPI_Transmit  stm32f1xx_hal_spi.o
    0x08001f66   0x08001f66   0x00000002   Code   RO         3829    i.HAL_TIMEx_BreakCallback  stm32f1xx_hal_tim_ex.o
    0x08001f68   0x08001f68   0x00000002   Code   RO         3830    i.HAL_TIMEx_CommutCallback  stm32f1xx_hal_tim_ex.o
    0x08001f6a   0x08001f6a   0x00000002   PAD
    0x08001f6c   0x08001f6c   0x00000068   Code   RO         3848    i.HAL_TIMEx_MasterConfigSynchronization  stm32f1xx_hal_tim_ex.o
    0x08001fd4   0x08001fd4   0x0000005a   Code   RO         3125    i.HAL_TIM_Base_Init  stm32f1xx_hal_tim.o
    0x0800202e   0x0800202e   0x00000002   PAD
    0x08002030   0x08002030   0x00000028   Code   RO          393    i.HAL_TIM_Base_MspInit  tim.o
    0x08002058   0x08002058   0x00000058   Code   RO         3130    i.HAL_TIM_Base_Start_IT  stm32f1xx_hal_tim.o
    0x080020b0   0x080020b0   0x000000dc   Code   RO         3134    i.HAL_TIM_ConfigClockSource  stm32f1xx_hal_tim.o
    0x0800218c   0x0800218c   0x00000002   Code   RO         3159    i.HAL_TIM_IC_CaptureCallback  stm32f1xx_hal_tim.o
    0x0800218e   0x0800218e   0x00000166   Code   RO         3173    i.HAL_TIM_IRQHandler  stm32f1xx_hal_tim.o
    0x080022f4   0x080022f4   0x00000002   Code   RO         3176    i.HAL_TIM_OC_DelayElapsedCallback  stm32f1xx_hal_tim.o
    0x080022f6   0x080022f6   0x00000002   Code   RO         3203    i.HAL_TIM_PWM_PulseFinishedCallback  stm32f1xx_hal_tim.o
    0x080022f8   0x080022f8   0x00000014   Code   RO           14    i.HAL_TIM_PeriodElapsedCallback  main.o
    0x0800230c   0x0800230c   0x00000002   Code   RO         3216    i.HAL_TIM_TriggerCallback  stm32f1xx_hal_tim.o
    0x0800230e   0x0800230e   0x00000002   Code   RO         4108    i.HAL_UARTEx_RxEventCallback  stm32f1xx_hal_uart.o
    0x08002310   0x08002310   0x00000002   Code   RO         4122    i.HAL_UART_ErrorCallback  stm32f1xx_hal_uart.o
    0x08002312   0x08002312   0x00000002   PAD
    0x08002314   0x08002314   0x0000026c   Code   RO         4125    i.HAL_UART_IRQHandler  stm32f1xx_hal_uart.o
    0x08002580   0x08002580   0x00000064   Code   RO         4126    i.HAL_UART_Init     stm32f1xx_hal_uart.o
    0x080025e4   0x080025e4   0x000000cc   Code   RO          435    i.HAL_UART_MspInit  usart.o
    0x080026b0   0x080026b0   0x0000001c   Code   RO         4131    i.HAL_UART_Receive_IT  stm32f1xx_hal_uart.o
    0x080026cc   0x080026cc   0x00000028   Code   RO          436    i.HAL_UART_RxCpltCallback  usart.o
    0x080026f4   0x080026f4   0x0000009a   Code   RO         4134    i.HAL_UART_Transmit  stm32f1xx_hal_uart.o
    0x0800278e   0x0800278e   0x00000002   Code   RO         4137    i.HAL_UART_TxCpltCallback  stm32f1xx_hal_uart.o
    0x08002790   0x08002790   0x00000010   Code   RO          911    i.Hal_Init          em_hal.o
    0x080027a0   0x080027a0   0x00000002   Code   RO          498    i.HardFault_Handler  stm32f1xx_it.o
    0x080027a2   0x080027a2   0x00000002   Code   RO          871    i.Key_Init          em_button.o
    0x080027a4   0x080027a4   0x000000d8   Code   RO          872    i.Key_run           em_button.o
    0x0800287c   0x0800287c   0x00000068   Code   RO          310    i.MX_ADC1_Init      adc.o
    0x080028e4   0x080028e4   0x00000020   Code   RO          265    i.MX_FREERTOS_Init  freertos.o
    0x08002904   0x08002904   0x000000f0   Code   RO          241    i.MX_GPIO_Init      gpio.o
    0x080029f4   0x080029f4   0x0000004c   Code   RO          352    i.MX_SPI1_Init      spi.o
    0x08002a40   0x08002a40   0x00000068   Code   RO          394    i.MX_TIM1_Init      tim.o
    0x08002aa8   0x08002aa8   0x00000038   Code   RO          437    i.MX_USART1_UART_Init  usart.o
    0x08002ae0   0x08002ae0   0x00000038   Code   RO          438    i.MX_USART2_UART_Init  usart.o
    0x08002b18   0x08002b18   0x00000002   Code   RO          499    i.MemManage_Handler  stm32f1xx_it.o
    0x08002b1a   0x08002b1a   0x00000002   Code   RO          500    i.NMI_Handler       stm32f1xx_it.o
    0x08002b1c   0x08002b1c   0x00000024   Code   RO         1042    i.Printer_Init      em_printer.o
    0x08002b40   0x08002b40   0x0000002c   Code   RO         1043    i.Printing_Init     em_printer.o
    0x08002b6c   0x08002b6c   0x0000003c   Code   RO         1253    i.Queue_Init        em_queue.o
    0x08002ba8   0x08002ba8   0x00000064   Code   RO          912    i.Read_battery      em_hal.o
    0x08002c0c   0x08002c0c   0x0000002c   Code   RO          913    i.Read_paper_state  em_hal.o
    0x08002c38   0x08002c38   0x0000004c   Code   RO          914    i.Read_temperatrue  em_hal.o
    0x08002c84   0x08002c84   0x00000094   Code   RO          915    i.Run_Led           em_hal.o
    0x08002d18   0x08002d18   0x00000020   Code   RO         2850    i.SPI_EndRxTxTransaction  stm32f1xx_hal_spi.o
    0x08002d38   0x08002d38   0x000000b8   Code   RO         2855    i.SPI_WaitFlagStateUntilTimeout  stm32f1xx_hal_spi.o
    0x08002df0   0x08002df0   0x00000008   Code   RO          266    i.StartDefaultTask  freertos.o
    0x08002df8   0x08002df8   0x0000002c   Code   RO         6025    i.SysTick_Handler   port.o
    0x08002e24   0x08002e24   0x00000078   Code   RO           15    i.SystemClock_Config  main.o
    0x08002e9c   0x08002e9c   0x00000002   Code   RO         4460    i.SystemInit        system_stm32f1xx.o
    0x08002e9e   0x08002e9e   0x00000002   PAD
    0x08002ea0   0x08002ea0   0x0000000c   Code   RO          501    i.TIM4_IRQHandler   stm32f1xx_it.o
    0x08002eac   0x08002eac   0x0000006c   Code   RO         3218    i.TIM_Base_SetConfig  stm32f1xx_hal_tim.o
    0x08002f18   0x08002f18   0x00000014   Code   RO         3229    i.TIM_ETR_SetConfig  stm32f1xx_hal_tim.o
    0x08002f2c   0x08002f2c   0x00000010   Code   RO         3230    i.TIM_ITRx_SetConfig  stm32f1xx_hal_tim.o
    0x08002f3c   0x08002f3c   0x00000022   Code   RO         3236    i.TIM_TI1_ConfigInputStage  stm32f1xx_hal_tim.o
    0x08002f5e   0x08002f5e   0x00000024   Code   RO         3238    i.TIM_TI2_ConfigInputStage  stm32f1xx_hal_tim.o
    0x08002f82   0x08002f82   0x00000002   PAD
    0x08002f84   0x08002f84   0x000000b0   Code   RO         1391    i.Timer_Init        em_timer.o
    0x08003034   0x08003034   0x00000010   Code   RO         4139    i.UART_DMAAbortOnError  stm32f1xx_hal_uart.o
    0x08003044   0x08003044   0x0000004e   Code   RO         4149    i.UART_EndRxTransfer  stm32f1xx_hal_uart.o
    0x08003092   0x08003092   0x000000c2   Code   RO         4151    i.UART_Receive_IT   stm32f1xx_hal_uart.o
    0x08003154   0x08003154   0x000000b8   Code   RO         4152    i.UART_SetConfig    stm32f1xx_hal_uart.o
    0x0800320c   0x0800320c   0x00000036   Code   RO         4154    i.UART_Start_Receive_IT  stm32f1xx_hal_uart.o
    0x08003242   0x08003242   0x00000078   Code   RO         4155    i.UART_WaitOnFlagUntilTimeout  stm32f1xx_hal_uart.o
    0x080032ba   0x080032ba   0x00000002   PAD
    0x080032bc   0x080032bc   0x0000000c   Code   RO          502    i.USART2_IRQHandler  stm32f1xx_it.o
    0x080032c8   0x080032c8   0x00000002   Code   RO          503    i.UsageFault_Handler  stm32f1xx_it.o
    0x080032ca   0x080032ca   0x00000002   PAD
    0x080032cc   0x080032cc   0x000000a0   Code   RO         1254    i.Write_to_buffer   em_queue.o
    0x0800336c   0x0800336c   0x00000020   Code   RO         6361    i.__0printf         mc_w.l(printfa.o)
    0x0800338c   0x0800338c   0x00000020   Code   RO         2314    i.__NVIC_SetPriority  stm32f1xx_hal_cortex.o
    0x080033ac   0x080033ac   0x000000aa   Code   RO         6431    i.__kernel_poly     m_ws.l(poly.o)
    0x08003456   0x08003456   0x00000002   PAD
    0x08003458   0x08003458   0x00000010   Code   RO         6417    i.__mathlib_dbl_divzero  m_ws.l(dunder.o)
    0x08003468   0x08003468   0x00000006   Code   RO         6418    i.__mathlib_dbl_infnan  m_ws.l(dunder.o)
    0x0800346e   0x0800346e   0x0000000c   Code   RO         6420    i.__mathlib_dbl_invalid  m_ws.l(dunder.o)
    0x0800347a   0x0800347a   0x0000000e   Code   RO         6481    i.__scatterload_copy  mc_w.l(handlers.o)
    0x08003488   0x08003488   0x00000002   Code   RO         6482    i.__scatterload_null  mc_w.l(handlers.o)
    0x0800348a   0x0800348a   0x0000000e   Code   RO         6483    i.__scatterload_zeroinit  mc_w.l(handlers.o)
    0x08003498   0x08003498   0x0000000c   Code   RO         6459    i.__set_errno       mc_w.l(errno.o)
    0x080034a4   0x080034a4   0x00000184   Code   RO         6368    i._fp_digits        mc_w.l(printfa.o)
    0x08003628   0x08003628   0x000006dc   Code   RO         6369    i._printf_core      mc_w.l(printfa.o)
    0x08003d04   0x08003d04   0x00000024   Code   RO         6370    i._printf_post_padding  mc_w.l(printfa.o)
    0x08003d28   0x08003d28   0x0000002e   Code   RO         6371    i._printf_pre_padding  mc_w.l(printfa.o)
    0x08003d56   0x08003d56   0x00000002   PAD
    0x08003d58   0x08003d58   0x00000020   Code   RO          721    i.adc_Init          em_adc.o
    0x08003d78   0x08003d78   0x00000032   Code   RO          722    i.adc_get_avg       em_adc.o
    0x08003daa   0x08003daa   0x00000002   PAD
    0x08003dac   0x08003dac   0x000002a0   Code   RO          794    i.ble_Init          em_ble.o
    0x0800404c   0x0800404c   0x00000040   Code   RO          795    i.ble_report        em_ble.o
    0x0800408c   0x0800408c   0x00000040   Code   RO          796    i.ble_status_data_clean  em_ble.o
    0x080040cc   0x080040cc   0x0000000c   Code   RO          797    i.clean_blepack_count  em_ble.o
    0x080040d8   0x080040d8   0x0000000c   Code   RO         1392    i.clean_state_timeout  em_timer.o
    0x080040e4   0x080040e4   0x00000018   Code   RO         1044    i.clearAddTime      em_printer.o
    0x080040fc   0x080040fc   0x0000002c   Code   RO         1201    i.click_long_free   em_keymotor.o
    0x08004128   0x08004128   0x00000024   Code   RO         1202    i.click_slow        em_keymotor.o
    0x0800414c   0x0800414c   0x00000020   Code   RO         1393    i.close_printer_timeout_timer  em_timer.o
    0x0800416c   0x0800416c   0x0000001c   Code   RO         1461    i.device_state_Init  em_device.o
    0x08004188   0x08004188   0x00000004   Code   RO         1171    i.digitalRead       em_gpio.o
    0x0800418c   0x0800418c   0x00000006   Code   RO         1172    i.digitalWrite      em_gpio.o
    0x08004192   0x08004192   0x00000002   PAD
    0x08004194   0x08004194   0x00000018   Code   RO          439    i.fputc             usart.o
    0x080041ac   0x080041ac   0x00000048   Code   RO          723    i.get_adc_temperture  em_adc.o
    0x080041f4   0x080041f4   0x00000128   Code   RO          724    i.get_adc_volts     em_adc.o
    0x0800431c   0x0800431c   0x0000000c   Code   RO          798    i.get_ble_connect   em_ble.o
    0x08004328   0x08004328   0x0000000c   Code   RO         1255    i.get_ble_rw_leftline  em_queue.o
    0x08004334   0x08004334   0x0000000c   Code   RO          799    i.get_blepack_count  em_ble.o
    0x08004340   0x08004340   0x00000008   Code   RO         1462    i.get_device_state  em_device.o
    0x08004348   0x08004348   0x0000000c   Code   RO         1203    i.get_printer_test  em_keymotor.o
    0x08004354   0x08004354   0x0000000c   Code   RO         1394    i.get_printer_timeout_status  em_timer.o
    0x08004360   0x08004360   0x0000000c   Code   RO         1395    i.get_state_timeout  em_timer.o
    0x0800436c   0x0800436c   0x00000060   Code   RO          725    i.get_temp_calculate  em_adc.o
    0x080043cc   0x080043cc   0x00000002   Code   RO         1141    i.init_spi          em_spi.o
    0x080043ce   0x080043ce   0x00000002   PAD
    0x080043d0   0x080043d0   0x0000035c   Code   RO         6102    i.log               m_ws.l(log.o)
    0x0800472c   0x0800472c   0x00000068   Code   RO         1204    i.long_click_run    em_keymotor.o
    0x08004794   0x08004794   0x00000064   Code   RO           16    i.main              main.o
    0x080047f8   0x080047f8   0x00000026   Code   RO          726    i.map               em_adc.o
    0x0800481e   0x0800481e   0x00000002   PAD
    0x08004820   0x08004820   0x00000038   Code   RO          979    i.motor_Init        em_motor.o
    0x08004858   0x08004858   0x00000064   Code   RO          980    i.motor_run         em_motor.o
    0x080048bc   0x080048bc   0x000000bc   Code   RO          981    i.motor_run_step    em_motor.o
    0x08004978   0x08004978   0x00000044   Code   RO          982    i.motor_start       em_motor.o
    0x080049bc   0x080049bc   0x00000050   Code   RO          983    i.motor_stop        em_motor.o
    0x08004a0c   0x08004a0c   0x0000008c   Code   RO         1045    i.move_and_start_std  em_printer.o
    0x08004a98   0x08004a98   0x000000c0   Code   RO         1396    i.open_printer_timeout_timer  em_timer.o
    0x08004b58   0x08004b58   0x00000034   Code   RO         5560    i.osDelay           cmsis_os2.o
    0x08004b8c   0x08004b8c   0x00000038   Code   RO         5574    i.osKernelInitialize  cmsis_os2.o
    0x08004bc4   0x08004bc4   0x00000040   Code   RO         5577    i.osKernelStart     cmsis_os2.o
    0x08004c04   0x08004c04   0x000000a4   Code   RO         5611    i.osThreadNew       cmsis_os2.o
    0x08004ca8   0x08004ca8   0x00000080   Code   RO         1046    i.printing_error_check  em_printer.o
    0x08004d28   0x08004d28   0x0000005c   Code   RO         5056    i.prvAddCurrentTaskToDelayedList  tasks.o
    0x08004d84   0x08004d84   0x000000d0   Code   RO         5057    i.prvAddNewTaskToReadyList  tasks.o
    0x08004e54   0x08004e54   0x00000058   Code   RO         5406    i.prvCheckForValidListAndQueue  timers.o
    0x08004eac   0x08004eac   0x00000026   Code   RO         4662    i.prvCopyDataFromQueue  queue.o
    0x08004ed2   0x08004ed2   0x0000006c   Code   RO         4663    i.prvCopyDataToQueue  queue.o
    0x08004f3e   0x08004f3e   0x00000034   Code   RO         5058    i.prvDeleteTCB      tasks.o
    0x08004f72   0x08004f72   0x00000002   PAD
    0x08004f74   0x08004f74   0x00000048   Code   RO         5975    i.prvHeapInit       heap_4.o
    0x08004fbc   0x08004fbc   0x00000060   Code   RO         5059    i.prvIdleTask       tasks.o
    0x0800501c   0x0800501c   0x00000016   Code   RO         4664    i.prvInitialiseMutex  queue.o
    0x08005032   0x08005032   0x00000002   PAD
    0x08005034   0x08005034   0x00000022   Code   RO         4665    i.prvInitialiseNewQueue  queue.o
    0x08005056   0x08005056   0x0000009c   Code   RO         5060    i.prvInitialiseNewTask  tasks.o
    0x080050f2   0x080050f2   0x00000044   Code   RO         5407    i.prvInitialiseNewTimer  timers.o
    0x08005136   0x08005136   0x00000002   PAD
    0x08005138   0x08005138   0x0000004c   Code   RO         5976    i.prvInsertBlockIntoFreeList  heap_4.o
    0x08005184   0x08005184   0x00000038   Code   RO         5408    i.prvInsertTimerInActiveList  timers.o
    0x080051bc   0x080051bc   0x0000001c   Code   RO         4666    i.prvIsQueueEmpty   queue.o
    0x080051d8   0x080051d8   0x000000cc   Code   RO         5409    i.prvProcessReceivedCommands  timers.o
    0x080052a4   0x080052a4   0x000000b4   Code   RO         5410    i.prvProcessTimerOrBlockTask  timers.o
    0x08005358   0x08005358   0x00000020   Code   RO         5062    i.prvResetNextTaskUnblockTime  tasks.o
    0x08005378   0x08005378   0x00000028   Code   RO         5411    i.prvSampleTimeNow  timers.o
    0x080053a0   0x080053a0   0x0000006c   Code   RO         5412    i.prvSwitchTimerLists  timers.o
    0x0800540c   0x0800540c   0x00000028   Code   RO         6026    i.prvTaskExitError  port.o
    0x08005434   0x08005434   0x00000024   Code   RO         5413    i.prvTimerTask      timers.o
    0x08005458   0x08005458   0x0000006a   Code   RO         4667    i.prvUnlockQueue    queue.o
    0x080054c2   0x080054c2   0x00000002   PAD
    0x080054c4   0x080054c4   0x000000d8   Code   RO         5977    i.pvPortMalloc      heap_4.o
    0x0800559c   0x0800559c   0x00000018   Code   RO         5065    i.pvTaskIncrementMutexHeldCount  tasks.o
    0x080055b4   0x080055b4   0x00000024   Code   RO         6027    i.pxPortInitialiseStack  port.o
    0x080055d8   0x080055d8   0x00000034   Code   RO         1397    i.read_Printer_timer_callbackfun  em_timer.o
    0x0800560c   0x0800560c   0x0000007c   Code   RO         1256    i.read_from_buffer  em_queue.o
    0x08005688   0x08005688   0x00000012   Code   RO          916    i.read_hal_state    em_hal.o
    0x0800569a   0x0800569a   0x00000002   PAD
    0x0800569c   0x0800569c   0x00000018   Code   RO          917    i.read_if_need_add_paper  em_hal.o
    0x080056b4   0x080056b4   0x00000064   Code   RO          984    i.read_motor_timer_callbackfun  em_motor.o
    0x08005718   0x08005718   0x00000028   Code   RO         1398    i.read_state_timer_callbackfun  em_timer.o
    0x08005740   0x08005740   0x00000070   Code   RO         1313    i.run_printer       em_task.o
    0x080057b0   0x080057b0   0x00000058   Code   RO         1314    i.run_report        em_task.o
    0x08005808   0x08005808   0x00000410   Code   RO         1047    i.run_stb           em_printer.o
    0x08005c18   0x08005c18   0x0000010c   Code   RO         1048    i.send_one_line_data  em_printer.o
    0x08005d24   0x08005d24   0x0000000e   Code   RO         1049    i.setDebugData      em_printer.o
    0x08005d32   0x08005d32   0x00000002   PAD
    0x08005d34   0x08005d34   0x00000030   Code   RO         1050    i.set_heat_density  em_printer.o
    0x08005d64   0x08005d64   0x0000000c   Code   RO         1463    i.set_paper_state   em_device.o
    0x08005d70   0x08005d70   0x0000000c   Code   RO         1205    i.set_printer_test  em_keymotor.o
    0x08005d7c   0x08005d7c   0x0000000c   Code   RO         1464    i.set_read_ble_finish  em_device.o
    0x08005d88   0x08005d88   0x00000050   Code   RO         1051    i.set_stb_low       em_printer.o
    0x08005dd8   0x08005dd8   0x00000014   Code   RO         1142    i.spiCommand        em_spi.o
    0x08005dec   0x08005dec   0x00000090   Code   RO         1052    i.start_printing_by_onestb  em_printer.o
    0x08005e7c   0x08005e7c   0x000000d4   Code   RO         1053    i.start_printing_by_queuebuf  em_printer.o
    0x08005f50   0x08005f50   0x00000134   Code   RO         1315    i.task_Init         em_task.o
    0x08006084   0x08006084   0x0000004c   Code   RO         1316    i.task_button       em_task.o
    0x080060d0   0x080060d0   0x00000068   Code   RO         1317    i.task_printer      em_task.o
    0x08006138   0x08006138   0x0000004c   Code   RO         1318    i.task_report       em_task.o
    0x08006184   0x08006184   0x0000008c   Code   RO         1054    i.testSTB           em_printer.o
    0x08006210   0x08006210   0x00000240   Code   RO          800    i.uart_cmd_handle   em_ble.o
    0x08006450   0x08006450   0x00000026   Code   RO         4622    i.uxListRemove      list.o
    0x08006476   0x08006476   0x00000002   PAD
    0x08006478   0x08006478   0x00000014   Code   RO         5623    i.vApplicationGetIdleTaskMemory  cmsis_os2.o
    0x0800648c   0x0800648c   0x00000018   Code   RO         5624    i.vApplicationGetTimerTaskMemory  cmsis_os2.o
    0x080064a4   0x080064a4   0x00000016   Code   RO         4623    i.vListInitialise   list.o
    0x080064ba   0x080064ba   0x00000006   Code   RO         4624    i.vListInitialiseItem  list.o
    0x080064c0   0x080064c0   0x00000030   Code   RO         4625    i.vListInsert       list.o
    0x080064f0   0x080064f0   0x00000018   Code   RO         4626    i.vListInsertEnd    list.o
    0x08006508   0x08006508   0x00000040   Code   RO         6029    i.vPortEnterCritical  port.o
    0x08006548   0x08006548   0x00000028   Code   RO         6030    i.vPortExitCritical  port.o
    0x08006570   0x08006570   0x0000005c   Code   RO         5978    i.vPortFree         heap_4.o
    0x080065cc   0x080065cc   0x00000024   Code   RO         6031    i.vPortSetupTimerInterrupt  port.o
    0x080065f0   0x080065f0   0x00000054   Code   RO         6032    i.vPortValidateInterruptPriority  port.o
    0x08006644   0x08006644   0x00000028   Code   RO         4673    i.vQueueAddToRegistry  queue.o
    0x0800666c   0x0800666c   0x00000044   Code   RO         4677    i.vQueueWaitForMessageRestricted  queue.o
    0x080066b0   0x080066b0   0x0000004c   Code   RO         5074    i.vTaskDelay        tasks.o
    0x080066fc   0x080066fc   0x00000010   Code   RO         5079    i.vTaskInternalSetTimeOutState  tasks.o
    0x0800670c   0x0800670c   0x0000000c   Code   RO         5080    i.vTaskMissedYield  tasks.o
    0x08006718   0x08006718   0x00000030   Code   RO         5082    i.vTaskPlaceOnEventList  tasks.o
    0x08006748   0x08006748   0x00000038   Code   RO         5083    i.vTaskPlaceOnEventListRestricted  tasks.o
    0x08006780   0x08006780   0x00000090   Code   RO         5085    i.vTaskPriorityDisinheritAfterTimeout  tasks.o
    0x08006810   0x08006810   0x00000088   Code   RO         5091    i.vTaskStartScheduler  tasks.o
    0x08006898   0x08006898   0x00000010   Code   RO         5093    i.vTaskSuspendAll   tasks.o
    0x080068a8   0x080068a8   0x00000064   Code   RO         5094    i.vTaskSwitchContext  tasks.o
    0x0800690c   0x0800690c   0x000000a8   Code   RO         6033    i.xPortStartScheduler  port.o
    0x080069b4   0x080069b4   0x00000016   Code   RO         4680    i.xQueueCreateMutex  queue.o
    0x080069ca   0x080069ca   0x00000048   Code   RO         4682    i.xQueueGenericCreate  queue.o
    0x08006a12   0x08006a12   0x00000066   Code   RO         4683    i.xQueueGenericCreateStatic  queue.o
    0x08006a78   0x08006a78   0x00000088   Code   RO         4684    i.xQueueGenericReset  queue.o
    0x08006b00   0x08006b00   0x00000160   Code   RO         4685    i.xQueueGenericSend  queue.o
    0x08006c60   0x08006c60   0x000000bc   Code   RO         4686    i.xQueueGenericSendFromISR  queue.o
    0x08006d1c   0x08006d1c   0x0000009c   Code   RO         4689    i.xQueueGiveFromISR  queue.o
    0x08006db8   0x08006db8   0x00000138   Code   RO         4695    i.xQueueReceive     queue.o
    0x08006ef0   0x08006ef0   0x0000009a   Code   RO         4696    i.xQueueReceiveFromISR  queue.o
    0x08006f8a   0x08006f8a   0x00000002   PAD
    0x08006f8c   0x08006f8c   0x00000178   Code   RO         4697    i.xQueueSemaphoreTake  queue.o
    0x08007104   0x08007104   0x00000074   Code   RO         5095    i.xTaskCheckForTimeOut  tasks.o
    0x08007178   0x08007178   0x0000005a   Code   RO         5096    i.xTaskCreate       tasks.o
    0x080071d2   0x080071d2   0x00000056   Code   RO         5097    i.xTaskCreateStatic  tasks.o
    0x08007228   0x08007228   0x0000001c   Code   RO         5101    i.xTaskGetSchedulerState  tasks.o
    0x08007244   0x08007244   0x0000000c   Code   RO         5102    i.xTaskGetTickCount  tasks.o
    0x08007250   0x08007250   0x000000c8   Code   RO         5104    i.xTaskIncrementTick  tasks.o
    0x08007318   0x08007318   0x00000080   Code   RO         5107    i.xTaskPriorityDisinherit  tasks.o
    0x08007398   0x08007398   0x00000078   Code   RO         5108    i.xTaskPriorityInherit  tasks.o
    0x08007410   0x08007410   0x0000006c   Code   RO         5109    i.xTaskRemoveFromEventList  tasks.o
    0x0800747c   0x0800747c   0x000000c4   Code   RO         5110    i.xTaskResumeAll    tasks.o
    0x08007540   0x08007540   0x00000034   Code   RO         5418    i.xTimerCreate      timers.o
    0x08007574   0x08007574   0x0000002e   Code   RO         5419    i.xTimerCreateStatic  timers.o
    0x080075a2   0x080075a2   0x00000002   PAD
    0x080075a4   0x080075a4   0x00000060   Code   RO         5420    i.xTimerCreateTimerTask  timers.o
    0x08007604   0x08007604   0x00000068   Code   RO         5421    i.xTimerGenericCommand  timers.o
    0x0800766c   0x0800766c   0x00000024   Data   RO          267    .constdata          freertos.o
    0x08007690   0x08007690   0x00000012   Data   RO         2012    .constdata          stm32f1xx_hal_rcc.o
    0x080076a2   0x080076a2   0x00000012   Data   RO         2104    .constdata          stm32f1xx_hal_rcc_ex.o
    0x080076b4   0x080076b4   0x00000010   Data   RO         4461    .constdata          system_stm32f1xx.o
    0x080076c4   0x080076c4   0x00000008   Data   RO         4462    .constdata          system_stm32f1xx.o
    0x080076cc   0x080076cc   0x00000004   PAD
    0x080076d0   0x080076d0   0x00000038   Data   RO         6103    .constdata          m_ws.l(log.o)
    0x08007708   0x08007708   0x00000008   Data   RO         6433    .constdata          m_ws.l(qnan.o)
    0x08007710   0x08007710   0x0000000c   Data   RO          268    .conststring        freertos.o
    0x0800771c   0x0800771c   0x00000054   Data   RO          802    .conststring        em_ble.o
    0x08007770   0x08007770   0x00000042   Data   RO         1056    .conststring        em_printer.o
    0x080077b2   0x080077b2   0x00000002   PAD
    0x080077b4   0x080077b4   0x00000020   Data   RO         6479    Region$$Table       anon$$obj.o


    Execution Region RW_IRAM1 (Exec base: 0x20000000, Load base: 0x080077d4, Size: 0x00004f78, Max: 0x00005000, ABSOLUTE)

    Exec Addr    Load Addr    Size         Type   Attr      Idx    E Section Name        Object

    0x20000000   0x080077d4   0x00000004   Data   RW          269    .data               freertos.o
    0x20000004   0x080077d8   0x00000001   Data   RW          441    .data               usart.o
    0x20000005   0x080077d9   0x00000003   PAD
    0x20000008   0x080077dc   0x00000008   Data   RW          727    .data               em_adc.o
    0x20000010   0x080077e4   0x00000028   Data   RW          803    .data               em_ble.o
    0x20000038   0x0800780c   0x00000008   Data   RW          873    .data               em_button.o
    0x20000040   0x08007814   0x00000001   Data   RW          918    .data               em_hal.o
    0x20000041   0x08007815   0x00000003   PAD
    0x20000044   0x08007818   0x00000028   Data   RW          985    .data               em_motor.o
    0x2000006c   0x08007840   0x00000001   Data   RW         1057    .data               em_printer.o
    0x2000006d   0x08007841   0x00000002   Data   RW         1206    .data               em_keymotor.o
    0x2000006f   0x08007843   0x00000001   PAD
    0x20000070   0x08007844   0x00000008   Data   RW         1258    .data               em_queue.o
    0x20000078   0x0800784c   0x0000000c   Data   RW         1400    .data               em_timer.o
    0x20000084   0x08007858   0x00000005   Data   RW         1465    .data               em_device.o
    0x20000089   0x0800785d   0x00000003   PAD
    0x2000008c   0x08007860   0x0000000c   Data   RW         1849    .data               stm32f1xx_hal.o
    0x20000098   0x0800786c   0x00000004   Data   RW         4463    .data               system_stm32f1xx.o
    0x2000009c   0x08007870   0x0000003c   Data   RW         5113    .data               tasks.o
    0x200000d8   0x080078ac   0x00000014   Data   RW         5429    .data               timers.o
    0x200000ec   0x080078c0   0x00000004   Data   RW         5626    .data               cmsis_os2.o
    0x200000f0   0x080078c4   0x00000018   Data   RW         5983    .data               heap_4.o
    0x20000108   0x080078dc   0x0000000c   Data   RW         6034    .data               port.o
    0x20000114   0x080078e8   0x00000004   Data   RW         6448    .data               mc_w.l(stdout.o)
    0x20000118   0x080078ec   0x00000004   Data   RW         6460    .data               mc_w.l(errno.o)
    0x2000011c        -       0x00000030   Zero   RW          311    .bss                adc.o
    0x2000014c        -       0x00000058   Zero   RW          353    .bss                spi.o
    0x200001a4        -       0x00000048   Zero   RW          395    .bss                tim.o
    0x200001ec        -       0x00000090   Zero   RW          440    .bss                usart.o
    0x2000027c        -       0x00000048   Zero   RW          598    .bss                stm32f1xx_hal_timebase_tim.o
    0x200002c4        -       0x00000064   Zero   RW          801    .bss                em_ble.o
    0x20000328        -       0x00000018   Zero   RW         1055    .bss                em_printer.o
    0x20000340        -       0x0000339c   Zero   RW         1257    .bss                em_queue.o
    0x200036dc        -       0x00000060   Zero   RW         1399    .bss                em_timer.o
    0x2000373c        -       0x00000040   Zero   RW         4699    .bss                queue.o
    0x2000377c        -       0x000000f0   Zero   RW         5112    .bss                tasks.o
    0x2000386c        -       0x00000118   Zero   RW         5428    .bss                timers.o
    0x20003984        -       0x000006b8   Zero   RW         5625    .bss                cmsis_os2.o
    0x2000403c        -       0x00000b38   Zero   RW         5982    .bss                heap_4.o
    0x20004b74   0x080078f0   0x00000004   PAD
    0x20004b78        -       0x00000400   Zero   RW            1    STACK               startup_stm32f103xb.o


==============================================================================

Image component sizes


      Code (inc. data)   RO Data    RW Data    ZI Data      Debug   Object Name

       192         24          0          0         48       1793   adc.o
       380         32          0          4       1720      10846   cmsis_os2.o
       584        132          0          8          0       8314   em_adc.o
      1412        534         84         40        100       6441   em_ble.o
       218         70          0          8          0       1942   em_button.o
        60         22          0          5          0       3260   em_device.o
        10          0          0          0          0       1421   em_gpio.o
       474        102          0          1          0       4543   em_hal.o
       208         96          0          2          0       3368   em_keymotor.o
       592         64          0         40          0       6414   em_motor.o
      2318        392         66          1         24       9232   em_printer.o
       372         78          0          8      13212       9474   em_queue.o
        22          6          0          0          0       1260   em_spi.o
       764        388          0          0          0       3758   em_task.o
       528        294          0         12         96       4700   em_timer.o
         0          0          0          0          0      17812   event_groups.o
        40         14         48          4          0       1781   freertos.o
       240         18          0          0          0       1031   gpio.o
       456         22          0         24       2872       4847   heap_4.o
       138          0          0          0          0       3570   list.o
       244         40          0          0          0     471578   main.o
       662         70          0         12          0      11177   port.o
      2314         24          0          0         64      21751   queue.o
       168         22          0          0         88       1757   spi.o
        36          8        236          0       1024        832   startup_stm32f103xb.o
       100         18          0         12          0       5362   stm32f1xx_hal.o
      1312         54          0          0          0       7379   stm32f1xx_hal_adc.o
       216          6          0          0          0       1470   stm32f1xx_hal_adc_ex.o
       158         14          0          0          0      28270   stm32f1xx_hal_cortex.o
       222          4          0          0          0       1819   stm32f1xx_hal_dma.o
       524         40          0          0          0       4194   stm32f1xx_hal_gpio.o
        72         10          0          0          0        930   stm32f1xx_hal_msp.o
      1304         94         18          0          0       5853   stm32f1xx_hal_rcc.o
       400         28         18          0          0       2521   stm32f1xx_hal_rcc_ex.o
       760          4          0          0          0       4470   stm32f1xx_hal_spi.o
       978         26          0          0          0       9981   stm32f1xx_hal_tim.o
       108         12          0          0          0       2469   stm32f1xx_hal_tim_ex.o
       152         20          0          0         72     450631   stm32f1xx_hal_timebase_tim.o
      1554         10          0          0          0      11128   stm32f1xx_hal_uart.o
        44         12          0          0          0       4160   stm32f1xx_it.o
         0          0          0          0          0       8916   stream_buffer.o
         2          0         24          4          0       1167   system_stm32f1xx.o
      2348        184          0         60        240      26545   tasks.o
       144         18          0          0         72       1746   tim.o
      1078         82          0         20        280      29495   timers.o
       380         46          0          1        144       3775   usart.o

    ----------------------------------------------------------------------
     24344       3134        532        276      20060    1225183   Object Totals
         0          0         32          0          0          0   (incl. Generated)
        56          0          6         10          4          0   (incl. Padding)

    ----------------------------------------------------------------------

      Code (inc. data)   RO Data    RW Data    ZI Data      Debug   Library Member Name

        34          4          0          0          0        204   dunder.o
       860         52         56          0          0        256   log.o
       170          0          0          0          0         96   poly.o
         0          0          8          0          0          0   qnan.o
         0          0          0          0          0          0   entry.o
         0          0          0          0          0          0   entry10a.o
         0          0          0          0          0          0   entry11a.o
         8          4          0          0          0          0   entry2.o
         4          0          0          0          0          0   entry5.o
         0          0          0          0          0          0   entry7b.o
         0          0          0          0          0          0   entry8b.o
         8          4          0          0          0          0   entry9a.o
        12          6          0          4          0         68   errno.o
        30          0          0          0          0          0   handlers.o
        36          8          0          0          0         68   init.o
         0          0          0          0          0          0   iusefp.o
        30          0          0          0          0         68   llshl.o
        36          0          0          0          0         68   llsshr.o
        32          0          0          0          0         68   llushr.o
        36          0          0          0          0         68   memcpya.o
        36          0          0          0          0        108   memseta.o
      2258         90          0          0          0        452   printfa.o
         0          0          0          4          0          0   stdout.o
        14          0          0          0          0         68   strlen.o
        36          0          0          0          0         80   strstr.o
        44          0          0          0          0         80   uidiv.o
        98          0          0          0          0         92   uldiv.o
        48          0          0          0          0         68   cdcmple.o
        48          0          0          0          0         68   cdrcmple.o
        56          0          0          0          0         88   d2f.o
       334          0          0          0          0        148   dadd.o
       222          0          0          0          0        100   ddiv.o
       186          0          0          0          0        176   depilogue.o
        48          0          0          0          0         68   dfixul.o
        34          0          0          0          0         76   dflti.o
        26          0          0          0          0         76   dfltui.o
       228          0          0          0          0         96   dmul.o
        46          0          0          0          0         80   dscalb.o
        38          0          0          0          0         68   f2d.o
       176          0          0          0          0        140   fadd.o
       124          0          0          0          0         88   fdiv.o
       110          0          0          0          0        168   fepilogue.o
        50          0          0          0          0         68   ffixi.o
        40          0          0          0          0         68   ffixui.o
        10          0          0          0          0         68   ffltui.o
       100          0          0          0          0         76   fmul.o
        24          0          0          0          0         68   fscalb.o

    ----------------------------------------------------------------------
      5736        168         64          8          0       3700   Library Totals
         6          0          0          0          0          0   (incl. Padding)

    ----------------------------------------------------------------------

      Code (inc. data)   RO Data    RW Data    ZI Data      Debug   Library Name

      1064         56         64          0          0        556   m_ws.l
      2718        112          0          8          0       1288   mc_w.l
      1948          0          0          0          0       1856   mf_w.l

    ----------------------------------------------------------------------
      5736        168         64          8          0       3700   Library Totals

    ----------------------------------------------------------------------

==============================================================================


      Code (inc. data)   RO Data    RW Data    ZI Data      Debug   

     30080       3302        596        284      20060    1214319   Grand Totals
     30080       3302        596        284      20060    1214319   ELF Image Totals
     30080       3302        596        284          0          0   ROM Totals

==============================================================================

    Total RO  Size (Code + RO Data)                30676 (  29.96kB)
    Total RW  Size (RW Data + ZI Data)             20344 (  19.87kB)
    Total ROM Size (Code + RO Data + RW Data)      30960 (  30.23kB)

==============================================================================

